
=== regression seat=p1 ===
  ok   キャラ選択は手前の最大7枚だけを描画する
  ok   キャラ解放の進捗を端末内へ保存し、既存キャラは移行直後も全開放する
  ok   Studioの解放条件をゲームカタログへ受け渡し、選択画面で未解放表示する
  ok   キャラ選択画面に解放進捗を表示し、基本実績を自動記録する
  ok   CPU戦の勝利をステージクリア・ボス撃破実績へ接続する
  ok   ロード中の石壁に更新時の読み込み案内を表示する
  ok   ロード中は項目数ではなく0〜100%ゲージとランダムキャラを表示する
  ok   対戦開始前に必要な1曲だけとロゴ動画を準備する
  ok   BATTLE画面に全ユニットのデバフ名と残りターンを表示する
  ok   CPU BATTLE連戦は相手とステージ種別を直前から引き直す
  ok   10連勝ごとのボスCPUはHP+30%・必殺チャージMAXで開始する
  ok   キャラ選択の見出しは「カタモンを選択」を大きく描く
  ok   中断再開は出撃より小さい下側ギアとして噛み合わせる
  ok   中断再開ギアは丸い見た目と同じ範囲だけ押せる
  ok   中断データがある時は小型ギアに再開と表示する
  ok   中断データが無い時は再開ギアを表示しない
  ok   中断再開のタッチ操作はpointerupで一度だけ確定する
  ok   非Gear中断の再開ギアを押して離すと中断データからバトルへ戻る
  ok   全18キャラの通常弾は弾速・風・重力・爆風・狙い線・CPU弾道が共通
  ok   同じ引っぱりなら全18キャラの通常弾の初速が一致する
  ok   実際に生成される通常弾も爆風・風・重力が共通
  ok   Bインパクトの地形破壊半径は通常弾44pxの1.5倍
  ok   Bインパクト命中者は少しだけ上方かつ爆心から外側へ吹き飛ぶ
  ok   レーザー・直進系を除く全キャラの砲弾型必殺は通常弾物理で、跳躍と除外必殺は固有値を残す
  ok   砲弾型必殺の実弾は固有効果を保ったまま通常弾と同じ風・重力を受ける
  ok   アスタウロスのDスマッシュは通常弾と同じ初速で発射し、着弾後の掘進だけを固有効果として残す
  ok   全18キャラの防御補正は等倍で共通
  ok   同じ位置へ直撃した通常弾は全18キャラに同じ爆風と45ダメージ
  ok   通常弾だけがPixabay着弾音の印を持ち、跳躍弾には付かない
  ok   通常弾の炸裂だけが読み込んだ爆発音を1回鳴らし、従来の炸裂は鳴らさない
  ok   the TAP TO START cannonball uses the same decoded explosion sample at wall impact
  ok   必殺はオーラだけを先に見せ、その後カットインへ移る
  ok   必殺弾はオーラとカットインを見せ切るまで発射されない
  ok   オーラはキャラ画像の背後から上向きに描く
  ok   必殺カットイン音は提供された新SEを効果音設定の経路で鳴らす
  ok   クール=カイの必殺技は専用の握り飯ボイスを鳴らす
  ok   キャラ選択にはキャラ名と必殺技名を描く
  ok   キャラ選択には選んだキャラの最大HPを描く
  ok   キャラ選択には選んだキャラらしい必殺技紹介を描く
  ok   キャラ選択カードは木板と紙札の意匠にする
  ok   キャラ選択には型と性能目盛りを描かない
  ok   キャラ選択には古い紹介文と古い必殺技説明を描かない
  ok   全キャラクターの表示名が確定した名前になっている
  ok   バルゲルカンの必殺技名は「バルコプター」
  ok   ブルームタンの必殺技名は「ドレインシード」
  ok   フェニーチェの必殺技名は「フレイムウェーブ」
  ok   スモエルの必殺技名は「職人カエル玉」
  ok   ゴーロッカの必殺技名は「Bインパクト」
  ok   アイボルトの必殺技名は「バインドスピット」
  ok   オベリスクの必殺技名は「プリズムビーム」
  ok   プレイアブル18体すべての必殺技説明を固定している
  ok   ディラノの必殺技説明は性能を示す
  ok   アイボルトの必殺技説明は性能を示す
  ok   ゴーロッカの必殺技説明は性能を示す
  ok   フェニーチェの必殺技説明は性能を示す
  ok   バルゲルカンの必殺技説明は性能を示す
  ok   オベリスクの必殺技説明は性能を示す
  ok   ブルームタンの必殺技説明は性能を示す
  ok   スモエルの必殺技説明は性能を示す
  ok   ドレッドアローの必殺技説明は性能を示す
  ok   ハムルトンの必殺技説明は性能を示す
  ok   モッチャリオの必殺技説明は性能を示す
  ok   クロムギアの必殺技説明は性能を示す
  ok   ルビデビの必殺技説明は性能を示す
  ok   アスタウロスの必殺技説明は性能を示す
  ok   パラディエの必殺技説明は性能を示す
  ok   にゃんタンクの必殺技説明は性能を示す
  ok   ヨミガマの必殺技説明は性能を示す
  ok   クール=カイの必殺技説明は性能を示す
  ok   ディラノの必殺技詳細は実挙動と一致する
  ok   アイボルトの必殺技詳細は実挙動と一致する
  ok   オベリスクの必殺技詳細は実挙動と一致する
  ok   ハムルトンの必殺技詳細は実挙動と一致する
  ok   モッチャリオの必殺技詳細は実挙動と一致する
  ok   クロムギアの必殺技詳細は実挙動と一致する
  ok   パラディエの必殺技詳細は実挙動と一致する
  ok   にゃんタンクの必殺技詳細は実挙動と一致する
  ok   クール=カイの必殺技詳細は実挙動と一致する
  ok   VSカットインの状態を検査できる
  ok   死神がキャラ選択に追加されている
  ok   デスゲートはDEAD LINEの下から固定射程
  ok   見かけの大きさを絵の比率から揃えている
  ok   VSカットインは全キャラ専用の顔位置を持つ
  ok   当たり判定を円で可視化している
  ok   判定の輪はキャラ画像より先に描く
  ok   直撃の円をキャラの体へ上げている
  ok   見えている輪と実際の判定が同じ中心を使う
  ok   発射基点と爆風の基準は動かしていない
  ok   透明余白の接地補正は描画専用で、物理足元を動かしていない
  ok   砲弾の素材5点をassetsから読み込んでいる
  ok   その5点が実際にリポジトリへ入っている
  ok   1vs1の砲弾は窓が1つ、2vs2の砲弾は窓が2つ
  ok   VS紋章は前面、上下の砲弾カードは中央から離れて4人を読める
  ok   窓の位置は絵に対する比率で、必ず絵の内側に収まる
  ok   2vs2の2つの窓は重ならない
  ok   相手陣営の砲弾は左右反転して描く
  ok   反転した砲弾では窓の左右も入れ替える
  ok   砲弾の絵が届かない端末のために、枠を自前で描く道がある
  ok   顔の切り出しはVS専用の値をそのまま使っている
  ok   砲弾がぶつかるのはカットインが終わるより前
  ok   VSカットの表示時間は3.6秒で、動きの速さは変えていない
  ok   止まって見せている時間が、動いている時間より長い
  ok   砲弾は画面の外から飛んでくる
  ok   砲弾は自分が向いている方向へ進む
  ok   最後はお互いを撃ち抜けて画面の外へ出る
  ok   撃ち抜けが始まるのはぶつかった後で、カットインの中で終わる
  ok   顔の切り出しは全16体ぶん揃っている
  ok   切り出しの値は画像の内側を指している
  ok   顔は名前の帯を避けた範囲の中央に置く
  ok   空きに出す情報は端末ごとに変わる値を使わない
  ok   死神は右向き原画で、戦闘中だけ2割大きく表示する
  ok   ドレッドアローの原画は右向きで個別反転を持たない
  ok   ドレッドアローとクール=カイは透明余白を除いて大きく表示する
  ok   キャラ選択の必殺技詳細はVSカットインなしの通信不要デモを開く
  ok   1vs1の開始時は両陣営1体ずつのVSカットイン
  ok   VSカットイン中は対戦を進めない
  ok   VSカットインは自動で終了する
  ok   デスゲートは一定間隔で縦穴を削る
  ok   デスゲートは両端の太さを保ちつつ、丸みのある逆三角形に削る
  ok   デスゲート自体は直接ダメージを与えない
  ok   1試合を通して例外が出ない
  ok   試合が決着する
  ok   winner が陣営名または引き分け
  ok   自分も撃っている
  ok   連勝カウントはプレイヤー陣営基準
  ok   風は決着後も有効値
  ok   保存前にクレーターができている
  ok   中断セーブが読める
  ok   セーブ形式が v4
  ok   セーブが units 形式
  ok   復元後もHP・燃料・キャラが一致
  ok   復元後もX座標が一致
  ok   復元後も風が一致
  ok   復元後も地形の破壊履歴が一致
  ok   復元後も手番が一致
  ok   復元しても席は動かない
  ok   CPU BATTLEはターン開始時に中断データを自動保存する
  ok   フリーモードに入る
  ok   フリーモードのキャラ設定が反映される
  ok   演習で必殺・CPU・風を切替でき、跳躍は全モード共通の毎手番ルールを表示する
  ok   跳躍は通常戦でも各手番に戻るが、着地後の移動不能中だけ使用できない
  ok   practice WIND POWER uses the same 0-to-10 scale as the battle wind arrow
  ok   演習前はキャラ・地形・ステージサイズ・人数だけを選び、練習条件は戦闘メニューにまとめる
  ok   カスタムステージはSTAGEの直下にあり、ほかの演習条件と重ならない
  ok   STAGEは左の共通欄から通常・カスタムの上下2択へ分かれる
  ok   カスタムステージはSTAGEの下段へ収まる色付きの選択ボタンである
  ok   演習設定のキャラ画像は敵欄も右向き原画をそのまま使い、個別反転しない
  ok   演習設定のキャラ画像は戦闘と同じ面積補正を使い、カードの足元へ接地する
  ok   演習設定の余白が大きい3キャラは可視車体だけをプレビューへ収める
  ok   サウンド設定を開いている間はカスタムステージのボタンを前面へ出さない
  ok   演習を終了すると中断セーブを作らずタイトルへ戻る
  ok   標準の最遠視点はマップ横幅100%を見渡せる
  ok   演習で大型を選ぶと2160×960・720列の戦場になる
  ok   大型の最遠視点もマップ横幅100%を見渡せる
  ok   大型闘技場は外壁と三段足場を高さ960へ広げる
  ok   大型闘技場の吊り障害物も高さ960の範囲へ広げる
  ok   大型闘技場の出撃位置は広げた上段足場に乗る
  ok   協力ボス専用ステージは初期台座だけ鋼鉄で、高所を含む移動用足場は壊れる
  ok   旧版が大型へ保存した69%は、新しい最遠視点へ移行する
  ok   全景から拡大すると手番キャラへ縦横とも寄る
  ok   標準闘技場の従来配置は変えない
  ok   フリーモードも例外なく決着
  ok   フリーモードは連勝を積まない
  ok   闘技場の中央は死線に届く奈落
  ok   CPUは奈落へ踏み込まない
  ok   CPUは自分の足元へは動ける
  ok   外壁の延長は一番引いた視点でも足りる
  ok   上端より上でも外壁は弾を止める(左)
  ok   上端より上でも外壁は弾を止める(右)
  ok   壁の内側は上空を素通しにする
  ok   壁のすぐ内側は塞がない
  ok   絵の高さを越えた先は素通し
  ok   闘技場以外は上空に壁を作らない
  ok   闘技場を描画しても落ちない
  ok   固定刻みは全端末共通の値
  ok   通常弾が地形を削っている(比較対象として成立している)
  ok   60fpsと120fpsでクレーターが完全一致する
  ok   60fpsと30fpsでクレーターが完全一致する
  ok   刻みが違ってもキャラの最終状態が一致する
  ok   上空の壁へ跳躍しても刻みによらず同じ結果になる
  ok   跳躍後に画面天井へ貼り付かない
  ok   跳躍後に闘技場の外壁へめり込まない
  ok   地形の底はDEAD LINEと一致する
  ok   最も低い地形でも共通の通常弾クレーターより床が厚い
  ok   高低差の幅を確保している
  ok   plateauLeft: 地形がDEAD LINEより下へはみ出さない
  ok   plateauRight: 地形がDEAD LINEより下へはみ出さない
  ok   mountainCenter: 地形がDEAD LINEより下へはみ出さない
  ok   valley: 地形がDEAD LINEより下へはみ出さない
  ok   rolling: 地形がDEAD LINEより下へはみ出さない
  ok   bridge: 地形がDEAD LINEより下へはみ出さない
  ok   tieredBasin: 地形がDEAD LINEより下へはみ出さない
  ok   底まである通常の地面が生成されている
  ok   最も低い地形でも通常弾1発では床が抜けない
  ok   掘った直後の地表はクレーターぶん下がっている
  ok   全キャラのマスター原画は右向きで個別補正を持たない
  ok   全キャラが左右どちらに居ても相手の方を向く
  ok   右向き原画だけの組み合わせでも両方が相手を向く
  ok   花火の接近信管は敵の90px手前で反応し、120px飛ぶまで起動しない
  ok   花火の8方向弾は従来の半速180px毎秒でゆっくり開く
  ok   花火の各方向は根元2発が中弾、先端1発が小弾になる
  ok   花火の接近信管は起動距離前には敵が範囲内でも反応しない
  ok   花火の接近信管は起動後、90px以内の敵に反応する
  ok   花火の接近信管は90pxを越えた敵には反応しない
  ok   花火の接近信管は発射者と同じ陣営には反応しない
  ok   オベリスクの必殺技名は「プリズムビーム」
  ok   プリズムビームの説明は地形非破壊と反射を示し、未実装の敵貫通をうたわない
  ok   プリズムビームは無風・無重力、地形破壊なし、反射上限と射程上限を持つ
  ok   ルビデビの必殺説明は障害物無視や爆発ではなく直撃電撃を示す
  ok   ルビデビの電撃は風・重力だけを無視し、空中障害物には遮られる
  ok   ルビデビの電撃は爆風と地形破壊を使わない直撃専用弾である
  ok   ルビデビの直撃は相手だけへダメージを与え、爆発も地形破壊も起こさない
  ok   ルビデビの電撃は地面や空中障害物で止まっても爆発・地形破壊しない
  ok   フェニーチェの必殺説明は旧・超高速弾ではなく左右へ広がる炎を示す
  ok   フェニーチェの必殺弾は同じ引っぱりなら通常弾と同じ初速になる
  ok   フェニーチェの必殺弾は通常弾と同じ風・重力を受け、フレイムウェーブの印だけを持つ
  ok   フェニーチェの炎は着弾点から地面に沿って左右3か所ずつへ広がる
  ok   フレイムウェーブの各炎は6ダメージを0.5秒間隔で3回与える設定
  ok   フレイムウェーブは着火時の1回目だけ6ダメージを与える
  ok   フレイムウェーブは0.5秒に達する前には追撃しない
  ok   フレイムウェーブは約0.5秒後に2回目の6ダメージを与える
  ok   フレイムウェーブは3回目で止まり、4回目のダメージを出さない
  ok   フェニーチェのフレイムウェーブは持続ダメージと小削りだけを起こし、大爆発には戻らない
  ok   ブルームタンの必殺説明は固定30回復ではなく与えたダメージ分の回復を示す
  ok   ブルームタンは必殺弾を発射しただけでは回復せず、吸収弾の印を持つ
  ok   ブルームタンの必殺弾が相手へ当たらなければ回復しない
  ok   ブルームタンは過剰ダメージで水増しせず、敵から実際に奪ったHPだけ回復する
  ok   ブルームタンの吸収回復は最大HPを超えない
  ok   バルゲルカンの必殺は「バルコプター」のマーキング弾1発で始まる
  ok   マーキング後は上端固定ではなく自キャラ座標の真上450pxへバルコプターが現れる
  ok   バルコプターはマーカーへ無風・無重力の機銃を10発だけ連射する
  ok   10発の機銃はマーカー方向を中心にほんの僅かだけ固定でブレる
  ok   バルコプターの機銃1発は3ダメージで、着弾地点を小さく削る
  ok   クールカイの必殺は1発6ダメージの握り飯を47発連射する
  ok   クールカイは必殺技後に6ターン移動不能になる
  ok   クールカイのおにぎり47発は大きめの固定バラツキで飛ぶ
  ok   クールカイのおにぎり47発は一定間隔の連射になっている
  ok   クールカイのおにぎりは見た目だけ3倍で判定値を変えない
  ok   クール=カイの握り飯47発は見た目の回転だけ個別にランダム化する
  ok   演習のクールカイ表示も透明余白を切り出す
  ok   クール=カイ必殺47発の解決後、チャージ済み高精度フェニーチェが必殺で応戦する
  ok   フェニーチェ手番後は残留物理なしでクール=カイの射撃可能手番へ戻る
  ok   移動封印中でも中央FIREの実pointer操作で次の砲弾を発射できる
  ok   ドレッドアローの必殺は高速貫通ではなく、照準どおりのスコーピオンレールである
  ok   スコーピオンレールは地面へ刺さった後に地表を這う状態へ切り替わる
  ok   スコーピオンレールは壁面でも最も近い相手がいる向きへ走り出す
  ok   スコーピオンレールは地形から離れず、壁を登って上面へ回り込む
  ok   スコーピオンレールは太い残光と長い軌跡でショックウェーブを描く
  ok   スコーピオンレールのショックウェーブ命中時は下から3本の毒針演出だけを出す
  ok   スコーピオンレールの毒針演出は描画時にも例外を出さない
  ok   長い必殺技名も開始カットインで省略せず全文を表示する
  ok   Dスマッシュの説明は地面へ着弾後に中小小の爆発で掘り進む性能を示す
  ok   Dスマッシュは地面へ当たる前から地形を無視せず、専用の着弾判定を持つ
  ok   Dスマッシュは地面への着弾後に爆発を3回だけ起こす
  ok   Dスマッシュの爆発は中→小→小で隙間なく、従来の掘削距離を保つ
  ok   Dスマッシュは着弾時の進行方向へ爆発しながら地中を掘り進む
  ok   タイトル最下部の更新履歴はBUILD_IDと同じv番号を表示する
  ok   タイトル最下部の更新履歴は日付と変更内容を持つ
  ok   タイトル最下部の更新履歴パネルは内容を表示しない
  ok   title update history text is vertically centered in its panel
  ok   更新履歴は最新版ボタンの横に収まり、操作領域と重ならない
  ok   更新履歴一覧の枠は縦に広い
  ok   update history modal leaves room for its heading above the viewport
  ok   update history heading and subtitle sit higher above the cards
  ok   the first update-history card is not styled as a tappable highlight
  ok   title update history label uses the larger fitting font
  ok   更新履歴は最新から過去版まで日付と内容を一覧データに持つ
  ok   タイトルの更新履歴をタップすると過去版一覧が開く
  ok   更新履歴の内容はモーダル内にクリップされ、閉じるボタンの外へ出ない
  ok   更新履歴は一覧位置を保持してスクロールできる
  ok   指をモーダル外へ動かしても更新履歴のタッチスクロールを継続する
  ok   更新履歴4件目から指を始めてもスクロールできる
  ok   更新履歴の下段カード付近から指を始めてもスクロールを掴める
  ok   更新履歴の右半分から指を始めてもスクロールを掴める
  ok   更新履歴は閉じるボタンでタイトルへ戻る
  ok   タイトルはBATTLEとGARAGEの意味別2ページへ分かれる
  ok   タイトルスライドは250〜400msで、短いスワイプを戻す閾値を持つ
  ok   各ページ内のボタンと左右矢印は重ならない
  ok   BATTLE/GARAGEタブは見た目を太らせずAndroidで押しやすい当たり判定を持つ
  ok   ボタン上からの長い左スワイプはボタンを誤発火せずGARAGEへ移る
  ok   短い横スワイプは元のBATTLEへ戻りCPUを発火しない
  ok   ボタン上の縦移動もタップ扱いにせずCPUを発火しない
  ok   指がslopを越えて元位置へ戻ってもCPUタップへ復帰しない
  ok   端末戻るで使うキャンセル処理はCPU押下途中の背面タップを破棄する
  ok   右矢印はpointerdownだけではページを決定しない
  ok   右矢印をpointerupまで押すとGARAGEへ移る
  ok   AndroidタッチがCanvas外へ出ても左右スワイプを完了できる
  ok   2本目の指は進行中のタイトルスワイプを上書きせず入力を固着させない
  ok   pointercancelはボタンを発火せず元のBATTLEへ戻す
  ok   おまけ曲が6曲登録されている
  ok   最初はおまけ曲を選んでいない
  ok   GARAGEのサウンドテストを押すと全BGM一覧を開く
  ok   サウンドテスト画面からショップと実績の小ボタンを撤去する
  ok   サウンドテストはタイトル・ロビー・全ステージ・おまけ6曲を登録する
  ok   全曲に基準音量が設定されている
  ok   おまけ曲はタイトル曲より大きい音量に設定されている
  ok   対戦へ移るとおまけ曲の選択が解除される
  ok   対戦中はステージ曲が鳴るべき曲になる
  ok   クールカイを選んだ対戦は専用BGMを固定で流す
  ok   クール=カイの連戦は専用BGMを先頭へ戻さず継続する
  ok   おまけ6とBATTLEロゴはドパガキリミックス名を表示する
  ok   タイトルへ戻ってもおまけ曲は鳴り出さない
  ok   にゃんタンクの必殺説明は次の手番を行動不能にする
  ok   猫だまし命中は移動封印を付けず行動不能を1手付ける
  ok   行動不能は移動封印と異なる頭上の星と電撃で表示する
  ok   行動不能の付与演出と手番の震えは従来の1.5倍にする
  ok   猫だまし命中の結果表示中は行動不能の震え演出を開始しない
  ok   行動不能の手番へ一度移り、震え演出中は状態をまだ消費しない
  ok   命中結果を見せている1.3秒間は行動不能演出の時間を消費しない
  ok   猫だまし命中の結果表示が消えてから行動不能の震え演出を開始する
  ok   従来の震え時間を過ぎても1.5倍の演出中はまだスキップしない
  ok   行動不能になったキャラの次の手番は操作させず自動で飛ばす
  ok   オンライン状態は震えスキップが完了してから送る
  ok   演習の既定は1vs1で、参加は2体のまま
  ok   1vs1の名前カードは2枚・広い専用枠高さ72・上端44
  ok   1vs1の司令盤はターン帯・ミニマップ・HUD下端を拡張位置へ揃える
  ok   2vs2の演習では追加2体も選択でき、キャラ行と設定行がそれぞれ揃う
  ok   2vs2のVSカットインは p1＆p2 vs e1＆e2 の順
  ok   2vs2を選ぶと4体で試合が始まる
  ok   4体の陣営と操作者が正しい(自分だけが操作、残り3体はCPU)
  ok   手番は陣営が交互に回る
  ok   2vs2の開始位置は4体とも足場の上(死線より下に湧かない)
  ok   2vs2でも味方同士は重ならない
  ok   2vs2は自陣営が左半分、敵陣営が右半分に並ぶ
  ok   2vs2の名前カードは4枚
  ok   自陣営2枚は左列、敵陣営2枚は右列に積まれる
  ok   4枚とも上下段のどちらかに置かれ、同じ段に重ならない
  ok   名前カードはHUD背景の下端より内側に収まる
  ok   名前カードはターン帯に重ならない
  ok   名前カードはミニマップに重ならない
  ok   2vs2は司令盤のターン帯とミニマップをカード2段ぶん下げる
  ok   4体それぞれのHPがカードに割り当てられている
  ok   電磁波は味方にも当たる(誤爆の扱いを通常の爆発と統一)
  ok   電磁波が空振りなら着弾時の移動不可カットインを出さない
  ok   電磁波が味方だけに当たった時は成功カットインを出さない
  ok   バインドスピットが敵へ命中した時だけ移動不可カットインを出す
  ok   移動封印中は文字や電気ではなく、足元を前後から囲む鎖と南京錠を割り当てる
  ok   薄く描く条件とダメージ判定の条件が同じ関数を通っている
  ok   撃破済みのキャラにダメージ数字を出さない(爆風)
  ok   撃破済みへの爆風は与ダメ記録にも積まない
  ok   撃破済みのキャラにダメージ数字を出さない(電磁波)
  ok   撃破済みのキャラに移動封印をかけ直さない
  ok   撃破済みのキャラにダメージ数字を出さない(拡散弾)
  ok   生きているキャラには今までどおりダメージ数字が出る
  ok   弾のownerはユニットのidの文字列
  ok   味方のすぐ隣に居る敵は狙わず、離れている敵を狙う
  ok   味方が離れていれば一番近い敵を狙う
  ok   倒れた敵は狙わない
  ok   1vs1の標的選びは従来どおり唯一の敵
  ok   1vs1の開始位置は2vs2導入後も変わらない
  ok   2vs2は5戦とも決着まで進む(倒れたユニットで手番が止まらない)
  ok   中断データは対戦形式と4体ぶんのユニットを持つ
  ok   2vs2の中断データを読み込むと4体へ戻る
  ok   通常の状態同期でVSカットインを出し直さない
  ok   形式を持たない旧データは1vs1として読む
  ok   演習に対戦方式の行が増えている
  ok   対戦方式の行は開始ボタンと重ならない
  ok   演習の各行の当たり判定が重なっていない
  ok   演習画面の右矢印で1vs1→2vs2へ切り替わる
  ok   演習画面の左矢印で2vs2→1vs1へ戻る
  ok   席がe1なら自陣営(e1/e2)が右列、相手陣営(p1/p2)が左列になる
  ok   席がe1でも4枚とも上下2段に収まる
  ok   開始カットインが出ている間は「手番はまだ始まっていない」
  ok   先攻を差し替えても、カットインが明ける前には撃たれない
  ok   カットインが明けてから撃つまでに、盤面を見る時間が1秒以上ある
  ok   差し替えた側の手番でもCPUの行動計画がきちんと作られる
  ok   ホストの通信待ちの間は、まだカットインが出ていない
  ok   カットインがまだ出ていない通信待ちの間も、CPUは撃たない
  ok   手番の知らせは、HPカードと同じ呼び名を見出しにする
  ok   同じキャラが左右に並んでも、味方CPUと敵CPUは見分けられる
  ok   自分・味方・相手を言い分ける
  ok   自陣営と相手陣営で見出しの色が違う
  ok   手番が変わると、その名前と役どころが実際にカットインへ出る
  ok   CPUが狙いを定める時間は1.5秒以上ある
  ok   手番の知らせは、前より長く出て読み切れる
  ok   砲弾もキャラも画像が届かない端末で、4人の名前がカットインにも描かれる
  ok   その状態でもVSの合図は文字で出る
  ok   1vs1では型を出さずHP・必殺技が実際に描かれる
  ok   2vs2では窓が狭いので出さない
  ok   チュートリアルは6項目で、すべて場の用意と完了判定を持つ
  ok   本文は1行ずつ書かれていて、長すぎる行が無い
  ok   教える順は、撃つ→風→動く→跳ぶ→必殺→足場
  ok   チュートリアル中の手番は自分だけ(相手は撃ち返してこない)
  ok   最初は1つ目の項目から始まる
  ok   当てるまでは何分待っても次へ進まない
  ok   相手は一度も撃ってこない(弾が飛んでいない)
  ok   時間切れで終わらない
  ok   当てた瞬間に「できた!」へ変わる
  ok   少し見せてから次の項目へ進む
  ok   次の項目では的のHPが戻っている(倒して途中で終わらせない)
  ok   的が倒れても結果画面へ行かない(勝ち負けを付けない)
  ok   倒れかけた的は1で止まり、撃ち続けられる
  ok   手番を重ねても時間切れで終わらない
  ok   「動く」は動いた時点で完了する
  ok   「跳ぶ」の始めには跳躍が使える(前の項目で使っていても戻す)
  ok   「跳ぶ」は跳躍を使った時点で完了する
  ok   「必殺」の始めには必殺が溜まっている
  ok   必殺を撃ったあとは、演出中に次の項目へ遷移しない
  ok   最後の項目では、的が細い足場の上に立っている(左右は掘り抜かれている)
  ok   どの項目でも、的は必ず地面の上に置かれる(落ちて勝手に進まない)
  ok   チュートリアルの地形は固定されていて、毎回同じ手触りで覚えられる
  ok   チュートリアルの開始カットは TUTORIAL START! と出る
  ok   足場は通常弾1発ぶんのクレーターに収まる大きさ
  ok   足場を1発撃てば、的は場外まで落ちる(4回とも)
  ok   最後の項目を終えると完了になる
  ok   完了するとタイトルへ戻り、通常の対戦モードへ戻る
  ok   完了すると、次からはタイトルで勧めない
  ok   完了しても勝ち負けは付かない
  ok   とばすとタイトルへ戻り、通常の対戦モードに戻る
  ok   一度通すか飛ばすと、タイトルで勧めなくなる
  ok   「チュートリアル」ボタンが他のタイトルボタンと重ならない
  ok   「チュートリアル」ボタンが画面内に収まっている
  ok   タイトルメニューのチュートリアル・演習文字を読みやすい大きさにする
  ok   タイトルの「チュートリアル」「演習」は見出しを上げ、説明との間隔を広げる
  ok   羊皮紙の文字は茶色ではなく深い青緑で読み分けられる
  ok   GARAGEのMUSIC ROOMは既存の緑盾内へ収まる文字サイズを使う
  ok   GARAGEにはショップ・実績・LOADOUT・MUSIC ROOMを表示する
  ok   タイトルが既存4素材とLOADOUT専用メカニカル枠を使う
  ok   BATTLEとGARAGEが既存素材とLOADOUT専用枠を役割別に使う
  ok   GARAGE下段はLOADOUTを中央へ大型化し、MUSIC ROOMの緑盾を右下へ分けて置く
  ok   木枠と中のボタン素材を同じ割合で一回り大きくする
  ok   中断データがあっても黄色い選択囲いを出さない
  ok   RANKINGの吊り看板はBATTLE下段の中央へ収まる
  ok   BATTLEは対戦5項目、GARAGEは管理5項目の順で、更新ボタンは木枠外へ固定する
  ok   木板と両ページのボタンが画面内に収まり、同じページ内で重ならない
  ok   空を毎コマ焼き直していない(30コマ描いても回数が増えない)
  ok   地形を毎コマ束ね直していない(30コマ描いても回数が増えない)
  ok   穴あけのあと、地形を束ね直す合図が立つ
  ok   縁取りなしの穴あけ(拡散弾の道)のあと、地形を束ね直す合図が立つ
  ok   地形の作り直しのあと、地形を束ね直す合図が立つ
  ok   縁取りの描き直しのあと、地形を束ね直す合図が立つ
  ok   橋の描き直しのあと、地形を束ね直す合図が立つ
  ok   闘技場の飾りの描き直しのあと、地形を束ね直す合図が立つ
  ok   穴があいたら、地形を実際に1回だけ束ね直す
  ok   テーマが変われば空を焼き直す
  ok   遠景の種が変われば空を焼き直す
  ok   テーマを変えたら、空を実際に1回だけ焼き直す
  ok   実機(1080x2374, 2.625倍): キャンバスが画面の実画素とぴったり一致する
  ok   実機(1080x2374, 2.625倍): 上限を超えない
  ok   実機(1080x2374, 2.625倍): キャンバスの大きさと拡大率が食い違わない
  ok   横長の端末(412x915, 3倍): 上限で頭打ちになる
  ok   横長の端末(412x915, 3倍): 上限を超えない
  ok   横長の端末(412x915, 3倍): キャンバスの大きさと拡大率が食い違わない
  ok   低い解像度(360x640, 2倍): キャンバスが画面の実画素とぴったり一致する
  ok   低い解像度(360x640, 2倍): 上限を超えない
  ok   低い解像度(360x640, 2倍): キャンバスの大きさと拡大率が食い違わない
  ok   等倍の画面(540x960, 1倍): キャンバスが画面の実画素とぴったり一致する
  ok   等倍の画面(540x960, 1倍): 上限を超えない
  ok   等倍の画面(540x960, 1倍): キャンバスの大きさと拡大率が食い違わない
  ok   高精細な端末では上限で止まる(塗る量が二乗で増えるのを防ぐ)
  ok   描く細かさの上限は2
  ok   タイトルは石壁タップから始点・動画・終点の3素材を順番に使う
  ok   タイトル背景を端末時刻で朝昼夕夜へ切り替えない
  ok   新タイトル演出は起動後の開始操作で一度だけ開始状態になる
  ok   タイトルの動かない絵を焼く仕組みがある
  ok   タイトルは仮想座標の2倍で焼く
  ok   タイトルを毎コマ焼き直していない(30コマ描いても回数が増えない)
  ok   BATTLEとGARAGEは全画面より小さい2枚の木板キャッシュへ分離する
  ok   タイトル木板も30コマで焼き直さず、完成済み画像だけをスライドする
  ok   背景とロゴの準備状態が変わればタイトルを1回だけ焼き直す
  ok   対戦開始時に次の風が1つ用意される
  ok   1vs1は4ターン目まで現在の風を保ち、予報した風を次に使う
  ok   再戦では前の試合の風予報を持ち越さない
  ok   固定風は現在と次が同じ値になる
  ok   無風固定は現在も次も無風になる
  ok   2vs2は全員が2巡する8ターン目に予報した風を使う
  ok   中断再開・観戦用の状態復元でも次の風が一致する
  ok   各背景に一部鋼鉄・全面鋼鉄の公式ステージが追加されている
  ok   鋼鉄ステージの素材情報が開始スナップショットへ保存される
  ok   必殺オーラの前に0.95秒のReady→Fireが入り、弾もカットインも出ない
  ok   合図の後は4体全員の同時オーラから始まる
  ok   同時オーラは4体のキャラ・技名・固有色を欠かさず同じ時間状態で保持する
  ok   同時オーラ終了後にだけ2.37秒のカットインへ進み、まだ発射しない
  ok   複数必殺パネルは全員同時出現ではなく約0.16秒差で1体ずつ飛び込む
  ok   4体同時カットインをCanvasへ描くと「同時必殺」と全員の技名が同じフレームに出る
  ok   同時カットインはカタモン固有の黒鉄・真鍮パネルとして実装し、他作品の画像を持ち込まない
  ok   一斉行動の跳躍と救助弾は通常物理へ同時に投入し、各使用権を1回だけ消費する

477 passed, 0 failed
