RELAY probe-0 0 host hello
RELAY probe-0 0 guest join
RELAY probe-0 1 host hello
RELAY probe-0 1 guest join
RELAY probe-0 4 host start
RELAY probe-0 4 host hello
RELAY probe-0 4 guest join
RELAY probe-0 4 guest join
RELAY probe-0 5 host start
RELAY probe-0 5 guest join
RELAY probe-0 8 host start
RELAY probe-0 8 host start
RELAY probe-0 8 host hello
RELAY probe-0 8 guest join
RELAY probe-0 8 guest ready
RELAY probe-0 9 host start
RELAY probe-0 11 host hello
RELAY probe-0 12 host start
RELAY probe-0 12 guest ready
RELAY probe-0 15 guest ready
RELAY probe-0 22 host fire
RELAY probe-0 29 guest ready
RELAY probe-0 37 host state
RELAY probe-0 51 guest ready
RELAY probe-0 73 guest ready
RELAY probe-0 94 guest ready
RELAY probe-0 116 guest ready
RELAY probe-0 148 guest fire
RELAY probe-0 161 guest state
RELAY probe-0 165 host fire
RELAY probe-0 180 host state
RELAY probe-0 184 guest fire
RELAY probe-0 199 guest state
RELAY probe-0 203 host fire
RELAY probe-0 218 host state
RELAY probe-0 222 guest fire
RELAY probe-0 237 guest state
RELAY probe-0 241 host fire
RELAY probe-0 256 host state
RELAY probe-0 260 guest fire
RELAY probe-0 275 guest state
RELAY probe-0 279 host fire
RELAY probe-0 307 host state
RELAY probe-0 311 guest fire
RELAY probe-0 338 guest state
RELAY probe-0 342 host fire
RELAY probe-0 357 host state
RELAY probe-0 361 guest fire
RELAY probe-0 376 guest state
RELAY probe-0 380 host fire
RELAY probe-0 395 host state
RELAY probe-0 399 guest fire
RELAY probe-0 414 guest state
RELAY probe-0 418 host fire
RELAY probe-0 433 host state
RELAY probe-0 437 guest fire
RELAY probe-0 453 guest state
RELAY probe-0 457 host fire
RELAY probe-0 483 host state
RELAY probe-0 487 guest fire
RELAY probe-0 519 guest state
RELAY probe-0 523 host fire
RELAY probe-0 536 host state
RELAY probe-0 540 guest fire
RELAY probe-0 555 guest state
RELAY probe-0 559 host fire
RELAY probe-0 574 host state
RELAY probe-0 578 guest fire
RELAY probe-0 593 guest state
RELAY probe-0 597 host fire
RELAY probe-0 612 host state
RELAY probe-0 616 guest fire
RELAY probe-0 631 guest state
RELAY probe-0 635 host fire
RELAY probe-0 662 host state
RELAY probe-0 666 guest fire
RELAY probe-0 697 guest state
RELAY probe-0 701 host fire
RELAY probe-0 716 host state
RELAY probe-0 720 guest fire
RELAY probe-0 736 guest state
RELAY probe-0 740 host fire
RELAY probe-0 755 host state
RELAY probe-0 766 guest fire
RELAY probe-0 777 guest fire
RELAY probe-0 792 guest state
RELAY probe-0 802 guest result
RELAY probe-0 802 guest result
RELAY probe-0 805 host bye
RELAY probe-0 805 host bye
PROBE 0 {"rounds":808,"sent":90,"dropped":0}
RELAY probe-1 0 host hello
RELAY probe-1 0 guest join
RELAY probe-1 1 host hello
RELAY probe-1 1 guest join
RELAY probe-1 4 host start
RELAY probe-1 4 host hello
RELAY probe-1 4 guest join
RELAY probe-1 4 guest join
RELAY probe-1 5 host start
RELAY probe-1 5 guest join
RELAY probe-1 8 host start
RELAY probe-1 8 host start
RELAY probe-1 8 host hello
RELAY probe-1 8 guest join
RELAY probe-1 8 guest ready
RELAY probe-1 9 host start
RELAY probe-1 11 host hello
RELAY probe-1 12 host start
RELAY probe-1 12 guest ready
RELAY probe-1 15 guest ready
RELAY probe-1 22 host fire
RELAY probe-1 29 guest ready
RELAY probe-1 37 host state
RELAY probe-1 51 guest ready
RELAY probe-1 73 guest ready
RELAY probe-1 94 guest ready
RELAY probe-1 116 guest ready
RELAY probe-1 148 guest fire
RELAY probe-1 161 guest state
RELAY probe-1 165 host fire
RELAY probe-1 180 host state
RELAY probe-1 184 guest fire
RELAY probe-1 199 guest state
RELAY probe-1 203 host fire
RELAY probe-1 218 host state
RELAY probe-1 222 guest fire
RELAY probe-1 237 guest state
RELAY probe-1 241 host fire
RELAY probe-1 256 host state
RELAY probe-1 260 guest fire
RELAY probe-1 275 guest state
RELAY probe-1 279 host fire
RELAY probe-1 307 host state
RELAY probe-1 311 guest fire
RELAY probe-1 338 guest state
RELAY probe-1 342 host fire
RELAY probe-1 357 host state
RELAY probe-1 361 guest fire
RELAY probe-1 376 guest state
RELAY probe-1 380 host fire
RELAY probe-1 395 host state
RELAY probe-1 399 guest fire
RELAY probe-1 414 guest state
RELAY probe-1 418 host fire
RELAY probe-1 433 host state
RELAY probe-1 437 guest fire
RELAY probe-1 453 guest state
RELAY probe-1 457 host fire
RELAY probe-1 483 host state
RELAY probe-1 487 guest fire
RELAY probe-1 519 guest state
RELAY probe-1 523 host fire
RELAY probe-1 536 host state
RELAY probe-1 540 guest fire
RELAY probe-1 555 guest state
RELAY probe-1 559 host fire
RELAY probe-1 574 host state
RELAY probe-1 578 guest fire
RELAY probe-1 593 guest state
RELAY probe-1 597 host fire
RELAY probe-1 612 host state
RELAY probe-1 616 guest fire
RELAY probe-1 631 guest state
RELAY probe-1 635 host fire
RELAY probe-1 662 host state
RELAY probe-1 666 guest fire
RELAY probe-1 697 guest state
RELAY probe-1 701 host fire
RELAY probe-1 716 host state
RELAY probe-1 720 guest fire
RELAY probe-1 736 guest state
RELAY probe-1 740 host fire
RELAY probe-1 755 host state
RELAY probe-1 766 guest fire
RELAY probe-1 777 guest fire
RELAY probe-1 792 guest state
RELAY probe-1 802 guest result
RELAY probe-1 802 guest result
RELAY probe-1 805 host bye
RELAY probe-1 805 host bye
PROBE 1 {"rounds":808,"sent":90,"dropped":0}
RELAY probe-2 0 host hello
RELAY probe-2 0 guest join
RELAY probe-2 1 host hello
RELAY probe-2 1 guest join
RELAY probe-2 4 host start
RELAY probe-2 4 host hello
RELAY probe-2 4 guest join
RELAY probe-2 4 guest join
RELAY probe-2 5 host start
RELAY probe-2 5 guest join
RELAY probe-2 8 host start
RELAY probe-2 8 host start
RELAY probe-2 8 host hello
RELAY probe-2 8 guest join
RELAY probe-2 8 guest ready
RELAY probe-2 9 host start
RELAY probe-2 11 host hello
RELAY probe-2 12 host start
RELAY probe-2 12 guest ready
RELAY probe-2 15 guest ready
RELAY probe-2 22 host fire
RELAY probe-2 29 guest ready
RELAY probe-2 37 host state
RELAY probe-2 51 guest ready
RELAY probe-2 73 guest ready
RELAY probe-2 94 guest ready
RELAY probe-2 116 guest ready
RELAY probe-2 148 guest fire
RELAY probe-2 161 guest state
RELAY probe-2 165 host fire
RELAY probe-2 180 host state
RELAY probe-2 184 guest fire
RELAY probe-2 199 guest state
RELAY probe-2 203 host fire
RELAY probe-2 218 host state
RELAY probe-2 222 guest fire
RELAY probe-2 237 guest state
RELAY probe-2 241 host fire
RELAY probe-2 256 host state
RELAY probe-2 260 guest fire
RELAY probe-2 275 guest state
RELAY probe-2 279 host fire
RELAY probe-2 307 host state
RELAY probe-2 311 guest fire
RELAY probe-2 338 guest state
RELAY probe-2 342 host fire
RELAY probe-2 357 host state
RELAY probe-2 361 guest fire
RELAY probe-2 376 guest state
RELAY probe-2 380 host fire
RELAY probe-2 395 host state
RELAY probe-2 399 guest fire
RELAY probe-2 414 guest state
RELAY probe-2 418 host fire
RELAY probe-2 433 host state
RELAY probe-2 437 guest fire
RELAY probe-2 453 guest state
RELAY probe-2 457 host fire
RELAY probe-2 487 host state
RELAY probe-2 491 guest fire
RELAY probe-2 518 guest state
RELAY probe-2 522 host fire
RELAY probe-2 537 host state
RELAY probe-2 541 guest fire
RELAY probe-2 556 guest state
RELAY probe-2 560 host fire
RELAY probe-2 575 host state
RELAY probe-2 579 guest fire
RELAY probe-2 594 guest state
RELAY probe-2 598 host fire
RELAY probe-2 613 host state
RELAY probe-2 617 guest fire
RELAY probe-2 633 guest state
RELAY probe-2 637 host fire
RELAY probe-2 669 host state
RELAY probe-2 673 guest fire
RELAY probe-2 697 guest state
RELAY probe-2 701 host fire
RELAY probe-2 716 host state
RELAY probe-2 720 guest fire
RELAY probe-2 733 guest state
RELAY probe-2 737 host fire
RELAY probe-2 752 host state
RELAY probe-2 756 guest fire
RELAY probe-2 772 guest state
RELAY probe-2 782 guest result
RELAY probe-2 782 guest result
RELAY probe-2 785 host bye
RELAY probe-2 785 host bye
PROBE 2 {"rounds":788,"sent":89,"dropped":0}
RELAY probe-3 0 host hello
RELAY probe-3 0 guest join
RELAY probe-3 1 host hello
RELAY probe-3 1 guest join
RELAY probe-3 4 host start
RELAY probe-3 4 host hello
RELAY probe-3 4 guest join
RELAY probe-3 4 guest join
RELAY probe-3 5 host start
RELAY probe-3 5 guest join
RELAY probe-3 8 host start
RELAY probe-3 8 host start
RELAY probe-3 8 host hello
RELAY probe-3 8 guest join
RELAY probe-3 8 guest ready
RELAY probe-3 9 host start
RELAY probe-3 11 host hello
RELAY probe-3 12 host start
RELAY probe-3 12 guest ready
RELAY probe-3 15 guest ready
RELAY probe-3 22 host fire
RELAY probe-3 29 guest ready
RELAY probe-3 37 host state
RELAY probe-3 51 guest ready
RELAY probe-3 73 guest ready
RELAY probe-3 94 guest ready
RELAY probe-3 116 guest ready
RELAY probe-3 148 guest fire
RELAY probe-3 161 guest state
RELAY probe-3 165 host fire
RELAY probe-3 180 host state
RELAY probe-3 184 guest fire
RELAY probe-3 199 guest state
RELAY probe-3 203 host fire
RELAY probe-3 218 host state
RELAY probe-3 222 guest fire
RELAY probe-3 237 guest state
RELAY probe-3 241 host fire
RELAY probe-3 256 host state
RELAY probe-3 260 guest fire
RELAY probe-3 275 guest state
RELAY probe-3 279 host fire
RELAY probe-3 307 host state
RELAY probe-3 311 guest fire
RELAY probe-3 338 guest state
RELAY probe-3 342 host fire
RELAY probe-3 357 host state
RELAY probe-3 361 guest fire
RELAY probe-3 376 guest state
RELAY probe-3 380 host fire
RELAY probe-3 395 host state
RELAY probe-3 399 guest fire
RELAY probe-3 414 guest state
RELAY probe-3 418 host fire
RELAY probe-3 433 host state
RELAY probe-3 437 guest fire
RELAY probe-3 453 guest state
RELAY probe-3 457 host fire
RELAY probe-3 483 host state
RELAY probe-3 487 guest fire
RELAY probe-3 519 guest state
RELAY probe-3 523 host fire
RELAY probe-3 536 host state
RELAY probe-3 540 guest fire
RELAY probe-3 555 guest state
RELAY probe-3 559 host fire
RELAY probe-3 574 host state
RELAY probe-3 578 guest fire
RELAY probe-3 593 guest state
RELAY probe-3 597 host fire
RELAY probe-3 612 host state
RELAY probe-3 616 guest fire
RELAY probe-3 631 guest state
RELAY probe-3 635 host fire
RELAY probe-3 667 host state
RELAY probe-3 671 guest fire
RELAY probe-3 703 guest state
RELAY probe-3 707 host fire
RELAY probe-3 722 host state
RELAY probe-3 726 guest fire
RELAY probe-3 742 guest state
RELAY probe-3 746 host fire
RELAY probe-3 761 host state
RELAY probe-3 765 guest fire
RELAY probe-3 781 guest state
RELAY probe-3 791 guest result
RELAY probe-3 791 guest result
RELAY probe-3 794 host bye
RELAY probe-3 794 host bye
PROBE 3 {"rounds":797,"sent":89,"dropped":0}
RELAY probe-4 0 host hello
RELAY probe-4 0 guest join
RELAY probe-4 1 host hello
RELAY probe-4 1 guest join
RELAY probe-4 4 host start
RELAY probe-4 4 host hello
RELAY probe-4 4 guest join
RELAY probe-4 4 guest join
RELAY probe-4 5 host start
RELAY probe-4 5 guest join
RELAY probe-4 8 host start
RELAY probe-4 8 host start
RELAY probe-4 8 host hello
RELAY probe-4 8 guest join
RELAY probe-4 8 guest ready
RELAY probe-4 9 host start
RELAY probe-4 11 host hello
RELAY probe-4 12 host start
RELAY probe-4 12 guest ready
RELAY probe-4 15 guest ready
RELAY probe-4 22 host fire
RELAY probe-4 29 guest ready
RELAY probe-4 37 host state
RELAY probe-4 51 guest ready
RELAY probe-4 73 guest ready
RELAY probe-4 94 guest ready
RELAY probe-4 116 guest ready
RELAY probe-4 148 guest fire
RELAY probe-4 161 guest state
RELAY probe-4 165 host fire
RELAY probe-4 180 host state
RELAY probe-4 184 guest fire
RELAY probe-4 199 guest state
RELAY probe-4 203 host fire
RELAY probe-4 218 host state
RELAY probe-4 222 guest fire
RELAY probe-4 237 guest state
RELAY probe-4 241 host fire
RELAY probe-4 256 host state
RELAY probe-4 260 guest fire
RELAY probe-4 275 guest state
RELAY probe-4 279 host fire
RELAY probe-4 307 host state
RELAY probe-4 311 guest fire
RELAY probe-4 338 guest state
RELAY probe-4 342 host fire
RELAY probe-4 357 host state
RELAY probe-4 361 guest fire
RELAY probe-4 376 guest state
RELAY probe-4 380 host fire
RELAY probe-4 395 host state
RELAY probe-4 399 guest fire
RELAY probe-4 414 guest state
RELAY probe-4 418 host fire
RELAY probe-4 433 host state
RELAY probe-4 437 guest fire
RELAY probe-4 453 guest state
RELAY probe-4 457 host fire
RELAY probe-4 487 host state
RELAY probe-4 491 guest fire
RELAY probe-4 518 guest state
RELAY probe-4 522 host fire
RELAY probe-4 537 host state
RELAY probe-4 541 guest fire
RELAY probe-4 556 guest state
RELAY probe-4 560 host fire
RELAY probe-4 575 host state
RELAY probe-4 579 guest fire
RELAY probe-4 594 guest state
RELAY probe-4 598 host fire
RELAY probe-4 613 host state
RELAY probe-4 617 guest fire
RELAY probe-4 633 guest state
RELAY probe-4 637 host fire
RELAY probe-4 669 host state
RELAY probe-4 673 guest fire
RELAY probe-4 697 guest state
RELAY probe-4 701 host fire
RELAY probe-4 716 host state
RELAY probe-4 720 guest fire
RELAY probe-4 733 guest state
RELAY probe-4 737 host fire
RELAY probe-4 752 host state
RELAY probe-4 756 guest fire
RELAY probe-4 772 guest state
RELAY probe-4 782 guest result
RELAY probe-4 782 guest result
RELAY probe-4 785 host bye
RELAY probe-4 785 host bye
PROBE 4 {"rounds":788,"sent":89,"dropped":0}
RELAY probe-5 0 host hello
RELAY probe-5 0 guest join
RELAY probe-5 1 host hello
RELAY probe-5 1 guest join
RELAY probe-5 4 host start
RELAY probe-5 4 host hello
RELAY probe-5 4 guest join
RELAY probe-5 4 guest join
RELAY probe-5 5 host start
RELAY probe-5 5 guest join
RELAY probe-5 8 host start
RELAY probe-5 8 host start
RELAY probe-5 8 host hello
RELAY probe-5 8 guest join
RELAY probe-5 8 guest ready
RELAY probe-5 9 host start
RELAY probe-5 11 host hello
RELAY probe-5 12 host start
RELAY probe-5 12 guest ready
RELAY probe-5 15 guest ready
RELAY probe-5 22 host fire
RELAY probe-5 29 guest ready
RELAY probe-5 37 host state
RELAY probe-5 51 guest ready
RELAY probe-5 73 guest ready
RELAY probe-5 94 guest ready
RELAY probe-5 116 guest ready
RELAY probe-5 148 guest fire
RELAY probe-5 161 guest state
RELAY probe-5 165 host fire
RELAY probe-5 180 host state
RELAY probe-5 184 guest fire
RELAY probe-5 199 guest state
RELAY probe-5 203 host fire
RELAY probe-5 218 host state
RELAY probe-5 222 guest fire
RELAY probe-5 237 guest state
RELAY probe-5 241 host fire
RELAY probe-5 256 host state
RELAY probe-5 260 guest fire
RELAY probe-5 275 guest state
RELAY probe-5 279 host fire
RELAY probe-5 307 host state
RELAY probe-5 311 guest fire
RELAY probe-5 338 guest state
RELAY probe-5 342 host fire
RELAY probe-5 357 host state
RELAY probe-5 361 guest fire
RELAY probe-5 376 guest state
RELAY probe-5 380 host fire
RELAY probe-5 395 host state
RELAY probe-5 399 guest fire
RELAY probe-5 414 guest state
RELAY probe-5 418 host fire
RELAY probe-5 433 host state
RELAY probe-5 437 guest fire
RELAY probe-5 453 guest state
RELAY probe-5 457 host fire
RELAY probe-5 483 host state
RELAY probe-5 487 guest fire
RELAY probe-5 519 guest state
RELAY probe-5 523 host fire
RELAY probe-5 536 host state
RELAY probe-5 540 guest fire
RELAY probe-5 555 guest state
RELAY probe-5 559 host fire
RELAY probe-5 574 host state
RELAY probe-5 578 guest fire
RELAY probe-5 593 guest state
RELAY probe-5 597 host fire
RELAY probe-5 612 host state
RELAY probe-5 616 guest fire
RELAY probe-5 631 guest state
RELAY probe-5 635 host fire
RELAY probe-5 667 host state
RELAY probe-5 671 guest fire
RELAY probe-5 703 guest state
RELAY probe-5 707 host fire
RELAY probe-5 722 host state
RELAY probe-5 726 guest fire
RELAY probe-5 742 guest state
RELAY probe-5 746 host fire
RELAY probe-5 761 host state
RELAY probe-5 765 guest fire
RELAY probe-5 781 guest state
RELAY probe-5 791 guest result
RELAY probe-5 791 guest result
RELAY probe-5 794 host bye
RELAY probe-5 794 host bye
PROBE 5 {"rounds":797,"sent":89,"dropped":0}
RELAY probe-6 0 host hello
RELAY probe-6 0 guest join
RELAY probe-6 1 host hello
RELAY probe-6 1 guest join
RELAY probe-6 4 host start
RELAY probe-6 4 host hello
RELAY probe-6 4 guest join
RELAY probe-6 4 guest join
RELAY probe-6 5 host start
RELAY probe-6 5 guest join
RELAY probe-6 8 host start
RELAY probe-6 8 host start
RELAY probe-6 8 host hello
RELAY probe-6 8 guest join
RELAY probe-6 8 guest ready
RELAY probe-6 9 host start
RELAY probe-6 11 host hello
RELAY probe-6 12 host start
RELAY probe-6 12 guest ready
RELAY probe-6 15 guest ready
RELAY probe-6 22 host fire
RELAY probe-6 29 guest ready
RELAY probe-6 37 host state
RELAY probe-6 51 guest ready
RELAY probe-6 73 guest ready
RELAY probe-6 94 guest ready
RELAY probe-6 116 guest ready
RELAY probe-6 148 guest fire
RELAY probe-6 161 guest state
RELAY probe-6 165 host fire
RELAY probe-6 180 host state
RELAY probe-6 184 guest fire
RELAY probe-6 199 guest state
RELAY probe-6 203 host fire
RELAY probe-6 218 host state
RELAY probe-6 222 guest fire
RELAY probe-6 237 guest state
RELAY probe-6 241 host fire
RELAY probe-6 256 host state
RELAY probe-6 260 guest fire
RELAY probe-6 275 guest state
RELAY probe-6 279 host fire
RELAY probe-6 307 host state
RELAY probe-6 311 guest fire
RELAY probe-6 338 guest state
RELAY probe-6 342 host fire
RELAY probe-6 357 host state
RELAY probe-6 361 guest fire
RELAY probe-6 376 guest state
RELAY probe-6 380 host fire
RELAY probe-6 395 host state
RELAY probe-6 399 guest fire
RELAY probe-6 414 guest state
RELAY probe-6 418 host fire
RELAY probe-6 433 host state
RELAY probe-6 437 guest fire
RELAY probe-6 453 guest state
RELAY probe-6 457 host fire
RELAY probe-6 483 host state
RELAY probe-6 487 guest fire
RELAY probe-6 519 guest state
RELAY probe-6 523 host fire
RELAY probe-6 536 host state
RELAY probe-6 540 guest fire
RELAY probe-6 555 guest state
RELAY probe-6 559 host fire
RELAY probe-6 574 host state
RELAY probe-6 578 guest fire
RELAY probe-6 593 guest state
RELAY probe-6 597 host fire
RELAY probe-6 612 host state
RELAY probe-6 616 guest fire
RELAY probe-6 631 guest state
RELAY probe-6 635 host fire
RELAY probe-6 662 host state
RELAY probe-6 666 guest fire
RELAY probe-6 697 guest state
RELAY probe-6 701 host fire
RELAY probe-6 716 host state
RELAY probe-6 720 guest fire
RELAY probe-6 736 guest state
RELAY probe-6 740 host fire
RELAY probe-6 755 host state
RELAY probe-6 766 guest fire
RELAY probe-6 777 guest fire
RELAY probe-6 792 guest state
RELAY probe-6 802 guest result
RELAY probe-6 802 guest result
RELAY probe-6 805 host bye
RELAY probe-6 805 host bye
PROBE 6 {"rounds":808,"sent":90,"dropped":0}
RELAY probe-7 0 host hello
RELAY probe-7 0 guest join
RELAY probe-7 1 host hello
RELAY probe-7 1 guest join
RELAY probe-7 4 host start
RELAY probe-7 4 host hello
RELAY probe-7 4 guest join
RELAY probe-7 4 guest join
RELAY probe-7 5 host start
RELAY probe-7 5 guest join
RELAY probe-7 8 host start
RELAY probe-7 8 host start
RELAY probe-7 8 host hello
RELAY probe-7 8 guest join
RELAY probe-7 8 guest ready
RELAY probe-7 9 host start
RELAY probe-7 11 host hello
RELAY probe-7 12 host start
RELAY probe-7 12 guest ready
RELAY probe-7 15 guest ready
RELAY probe-7 22 host fire
RELAY probe-7 29 guest ready
RELAY probe-7 37 host state
RELAY probe-7 51 guest ready
RELAY probe-7 73 guest ready
RELAY probe-7 94 guest ready
RELAY probe-7 116 guest ready
RELAY probe-7 148 guest fire
RELAY probe-7 161 guest state
RELAY probe-7 165 host fire
RELAY probe-7 180 host state
RELAY probe-7 184 guest fire
RELAY probe-7 199 guest state
RELAY probe-7 203 host fire
RELAY probe-7 218 host state
RELAY probe-7 222 guest fire
RELAY probe-7 237 guest state
RELAY probe-7 241 host fire
RELAY probe-7 256 host state
RELAY probe-7 260 guest fire
RELAY probe-7 275 guest state
RELAY probe-7 279 host fire
RELAY probe-7 307 host state
RELAY probe-7 311 guest fire
RELAY probe-7 338 guest state
RELAY probe-7 342 host fire
RELAY probe-7 357 host state
RELAY probe-7 361 guest fire
RELAY probe-7 376 guest state
RELAY probe-7 380 host fire
RELAY probe-7 395 host state
RELAY probe-7 399 guest fire
RELAY probe-7 414 guest state
RELAY probe-7 418 host fire
RELAY probe-7 433 host state
RELAY probe-7 437 guest fire
RELAY probe-7 453 guest state
RELAY probe-7 457 host fire
RELAY probe-7 483 host state
RELAY probe-7 487 guest fire
RELAY probe-7 519 guest state
RELAY probe-7 523 host fire
RELAY probe-7 536 host state
RELAY probe-7 540 guest fire
RELAY probe-7 555 guest state
RELAY probe-7 559 host fire
RELAY probe-7 574 host state
RELAY probe-7 578 guest fire
RELAY probe-7 593 guest state
RELAY probe-7 597 host fire
RELAY probe-7 612 host state
RELAY probe-7 616 guest fire
RELAY probe-7 631 guest state
RELAY probe-7 635 host fire
RELAY probe-7 667 host state
RELAY probe-7 671 guest fire
RELAY probe-7 703 guest state
RELAY probe-7 707 host fire
RELAY probe-7 722 host state
RELAY probe-7 726 guest fire
RELAY probe-7 742 guest state
RELAY probe-7 746 host fire
RELAY probe-7 761 host state
RELAY probe-7 765 guest fire
RELAY probe-7 781 guest state
RELAY probe-7 791 guest result
RELAY probe-7 791 guest result
RELAY probe-7 794 host bye
RELAY probe-7 794 host bye
PROBE 7 {"rounds":797,"sent":89,"dropped":0}
RELAY probe-8 0 host hello
RELAY probe-8 0 guest join
RELAY probe-8 1 host hello
RELAY probe-8 1 guest join
RELAY probe-8 4 host start
RELAY probe-8 4 host hello
RELAY probe-8 4 guest join
RELAY probe-8 4 guest join
RELAY probe-8 5 host start
RELAY probe-8 5 guest join
RELAY probe-8 8 host start
RELAY probe-8 8 host start
RELAY probe-8 8 host hello
RELAY probe-8 8 guest join
RELAY probe-8 8 guest ready
RELAY probe-8 9 host start
RELAY probe-8 11 host hello
RELAY probe-8 12 host start
RELAY probe-8 12 guest ready
RELAY probe-8 15 guest ready
RELAY probe-8 22 host fire
RELAY probe-8 29 guest ready
RELAY probe-8 37 host state
RELAY probe-8 51 guest ready
RELAY probe-8 73 guest ready
RELAY probe-8 94 guest ready
RELAY probe-8 116 guest ready
RELAY probe-8 148 guest fire
RELAY probe-8 161 guest state
RELAY probe-8 165 host fire
RELAY probe-8 180 host state
RELAY probe-8 184 guest fire
RELAY probe-8 199 guest state
RELAY probe-8 203 host fire
RELAY probe-8 218 host state
RELAY probe-8 222 guest fire
RELAY probe-8 237 guest state
RELAY probe-8 241 host fire
RELAY probe-8 256 host state
RELAY probe-8 260 guest fire
RELAY probe-8 275 guest state
RELAY probe-8 279 host fire
RELAY probe-8 307 host state
RELAY probe-8 311 guest fire
RELAY probe-8 338 guest state
RELAY probe-8 342 host fire
RELAY probe-8 357 host state
RELAY probe-8 361 guest fire
RELAY probe-8 376 guest state
RELAY probe-8 380 host fire
RELAY probe-8 395 host state
RELAY probe-8 399 guest fire
RELAY probe-8 414 guest state
RELAY probe-8 418 host fire
RELAY probe-8 433 host state
RELAY probe-8 437 guest fire
RELAY probe-8 453 guest state
RELAY probe-8 457 host fire
RELAY probe-8 487 host state
RELAY probe-8 491 guest fire
RELAY probe-8 518 guest state
RELAY probe-8 522 host fire
RELAY probe-8 537 host state
RELAY probe-8 541 guest fire
RELAY probe-8 556 guest state
RELAY probe-8 560 host fire
RELAY probe-8 575 host state
RELAY probe-8 579 guest fire
RELAY probe-8 594 guest state
RELAY probe-8 598 host fire
RELAY probe-8 613 host state
RELAY probe-8 617 guest fire
RELAY probe-8 633 guest state
RELAY probe-8 637 host fire
RELAY probe-8 669 host state
RELAY probe-8 673 guest fire
RELAY probe-8 697 guest state
RELAY probe-8 701 host fire
RELAY probe-8 716 host state
RELAY probe-8 720 guest fire
RELAY probe-8 733 guest state
RELAY probe-8 737 host fire
RELAY probe-8 752 host state
RELAY probe-8 756 guest fire
RELAY probe-8 772 guest state
RELAY probe-8 782 guest result
RELAY probe-8 782 guest result
RELAY probe-8 785 host bye
RELAY probe-8 785 host bye
PROBE 8 {"rounds":788,"sent":89,"dropped":0}
RELAY probe-9 0 host hello
RELAY probe-9 0 guest join
RELAY probe-9 1 host hello
RELAY probe-9 1 guest join
RELAY probe-9 4 host start
RELAY probe-9 4 host hello
RELAY probe-9 4 guest join
RELAY probe-9 4 guest join
RELAY probe-9 5 host start
RELAY probe-9 5 guest join
RELAY probe-9 8 host start
RELAY probe-9 8 host start
RELAY probe-9 8 host hello
RELAY probe-9 8 guest join
RELAY probe-9 8 guest ready
RELAY probe-9 9 host start
RELAY probe-9 11 host hello
RELAY probe-9 12 host start
RELAY probe-9 12 guest ready
RELAY probe-9 15 guest ready
RELAY probe-9 22 host fire
RELAY probe-9 29 guest ready
RELAY probe-9 37 host state
RELAY probe-9 51 guest ready
RELAY probe-9 73 guest ready
RELAY probe-9 94 guest ready
RELAY probe-9 116 guest ready
RELAY probe-9 148 guest fire
RELAY probe-9 161 guest state
RELAY probe-9 165 host fire
RELAY probe-9 180 host state
RELAY probe-9 184 guest fire
RELAY probe-9 199 guest state
RELAY probe-9 203 host fire
RELAY probe-9 218 host state
RELAY probe-9 222 guest fire
RELAY probe-9 237 guest state
RELAY probe-9 241 host fire
RELAY probe-9 256 host state
RELAY probe-9 260 guest fire
RELAY probe-9 275 guest state
RELAY probe-9 279 host fire
RELAY probe-9 307 host state
RELAY probe-9 311 guest fire
RELAY probe-9 338 guest state
RELAY probe-9 342 host fire
RELAY probe-9 357 host state
RELAY probe-9 361 guest fire
RELAY probe-9 376 guest state
RELAY probe-9 380 host fire
RELAY probe-9 395 host state
RELAY probe-9 399 guest fire
RELAY probe-9 414 guest state
RELAY probe-9 418 host fire
RELAY probe-9 433 host state
RELAY probe-9 437 guest fire
RELAY probe-9 453 guest state
RELAY probe-9 457 host fire
RELAY probe-9 487 host state
RELAY probe-9 491 guest fire
RELAY probe-9 518 guest state
RELAY probe-9 522 host fire
RELAY probe-9 537 host state
RELAY probe-9 541 guest fire
RELAY probe-9 556 guest state
RELAY probe-9 560 host fire
RELAY probe-9 575 host state
RELAY probe-9 579 guest fire
RELAY probe-9 594 guest state
RELAY probe-9 598 host fire
RELAY probe-9 613 host state
RELAY probe-9 617 guest fire
RELAY probe-9 633 guest state
RELAY probe-9 637 host fire
RELAY probe-9 669 host state
RELAY probe-9 673 guest fire
RELAY probe-9 697 guest state
RELAY probe-9 701 host fire
RELAY probe-9 716 host state
RELAY probe-9 720 guest fire
RELAY probe-9 733 guest state
RELAY probe-9 737 host fire
RELAY probe-9 752 host state
RELAY probe-9 756 guest fire
RELAY probe-9 772 guest state
RELAY probe-9 782 guest result
RELAY probe-9 782 guest result
RELAY probe-9 785 host bye
RELAY probe-9 785 host bye
PROBE 9 {"rounds":788,"sent":89,"dropped":0}
RELAY probe-10 0 host hello
RELAY probe-10 0 guest join
RELAY probe-10 1 host hello
RELAY probe-10 1 guest join
RELAY probe-10 4 host start
RELAY probe-10 4 host hello
RELAY probe-10 4 guest join
RELAY probe-10 4 guest join
RELAY probe-10 5 host start
RELAY probe-10 5 guest join
RELAY probe-10 8 host start
RELAY probe-10 8 host start
RELAY probe-10 8 host hello
RELAY probe-10 8 guest join
RELAY probe-10 8 guest ready
RELAY probe-10 9 host start
RELAY probe-10 11 host hello
RELAY probe-10 12 host start
RELAY probe-10 12 guest ready
RELAY probe-10 15 guest ready
RELAY probe-10 22 host fire
RELAY probe-10 29 guest ready
RELAY probe-10 37 host state
RELAY probe-10 51 guest ready
RELAY probe-10 73 guest ready
RELAY probe-10 94 guest ready
RELAY probe-10 116 guest ready
RELAY probe-10 148 guest fire
RELAY probe-10 161 guest state
RELAY probe-10 165 host fire
RELAY probe-10 180 host state
RELAY probe-10 184 guest fire
RELAY probe-10 199 guest state
RELAY probe-10 203 host fire
RELAY probe-10 218 host state
RELAY probe-10 222 guest fire
RELAY probe-10 237 guest state
RELAY probe-10 241 host fire
RELAY probe-10 256 host state
RELAY probe-10 260 guest fire
RELAY probe-10 275 guest state
RELAY probe-10 279 host fire
RELAY probe-10 307 host state
RELAY probe-10 311 guest fire
RELAY probe-10 338 guest state
RELAY probe-10 342 host fire
RELAY probe-10 357 host state
RELAY probe-10 361 guest fire
RELAY probe-10 376 guest state
RELAY probe-10 380 host fire
RELAY probe-10 395 host state
RELAY probe-10 399 guest fire
RELAY probe-10 414 guest state
RELAY probe-10 418 host fire
RELAY probe-10 433 host state
RELAY probe-10 437 guest fire
RELAY probe-10 453 guest state
RELAY probe-10 457 host fire
RELAY probe-10 487 host state
RELAY probe-10 491 guest fire
RELAY probe-10 518 guest state
RELAY probe-10 522 host fire
RELAY probe-10 537 host state
RELAY probe-10 541 guest fire
RELAY probe-10 556 guest state
RELAY probe-10 560 host fire
RELAY probe-10 575 host state
RELAY probe-10 579 guest fire
RELAY probe-10 594 guest state
RELAY probe-10 598 host fire
RELAY probe-10 613 host state
RELAY probe-10 617 guest fire
RELAY probe-10 633 guest state
RELAY probe-10 637 host fire
RELAY probe-10 669 host state
RELAY probe-10 673 guest fire
RELAY probe-10 697 guest state
RELAY probe-10 701 host fire
RELAY probe-10 716 host state
RELAY probe-10 720 guest fire
RELAY probe-10 733 guest state
RELAY probe-10 737 host fire
RELAY probe-10 752 host state
RELAY probe-10 756 guest fire
RELAY probe-10 772 guest state
RELAY probe-10 782 guest result
RELAY probe-10 782 guest result
RELAY probe-10 785 host bye
RELAY probe-10 785 host bye
PROBE 10 {"rounds":788,"sent":89,"dropped":0}
RELAY probe-11 0 host hello
RELAY probe-11 0 guest join
RELAY probe-11 1 host hello
RELAY probe-11 1 guest join
RELAY probe-11 4 host start
RELAY probe-11 4 host hello
RELAY probe-11 4 guest join
RELAY probe-11 4 guest join
RELAY probe-11 5 host start
RELAY probe-11 5 guest join
RELAY probe-11 8 host start
RELAY probe-11 8 host start
RELAY probe-11 8 host hello
RELAY probe-11 8 guest join
RELAY probe-11 8 guest ready
RELAY probe-11 9 host start
RELAY probe-11 11 host hello
RELAY probe-11 12 host start
RELAY probe-11 12 guest ready
RELAY probe-11 15 guest ready
RELAY probe-11 22 host fire
RELAY probe-11 29 guest ready
RELAY probe-11 37 host state
RELAY probe-11 51 guest ready
RELAY probe-11 73 guest ready
RELAY probe-11 94 guest ready
RELAY probe-11 116 guest ready
RELAY probe-11 148 guest fire
RELAY probe-11 161 guest state
RELAY probe-11 165 host fire
RELAY probe-11 180 host state
RELAY probe-11 184 guest fire
RELAY probe-11 199 guest state
RELAY probe-11 203 host fire
RELAY probe-11 218 host state
RELAY probe-11 222 guest fire
RELAY probe-11 237 guest state
RELAY probe-11 241 host fire
RELAY probe-11 256 host state
RELAY probe-11 260 guest fire
RELAY probe-11 275 guest state
RELAY probe-11 279 host fire
RELAY probe-11 307 host state
RELAY probe-11 311 guest fire
RELAY probe-11 338 guest state
RELAY probe-11 342 host fire
RELAY probe-11 357 host state
RELAY probe-11 361 guest fire
RELAY probe-11 376 guest state
RELAY probe-11 380 host fire
RELAY probe-11 395 host state
RELAY probe-11 399 guest fire
RELAY probe-11 414 guest state
RELAY probe-11 418 host fire
RELAY probe-11 433 host state
RELAY probe-11 437 guest fire
RELAY probe-11 453 guest state
RELAY probe-11 457 host fire
RELAY probe-11 483 host state
RELAY probe-11 487 guest fire
RELAY probe-11 519 guest state
RELAY probe-11 523 host fire
RELAY probe-11 536 host state
RELAY probe-11 540 guest fire
RELAY probe-11 555 guest state
RELAY probe-11 559 host fire
RELAY probe-11 574 host state
RELAY probe-11 578 guest fire
RELAY probe-11 593 guest state
RELAY probe-11 597 host fire
RELAY probe-11 612 host state
RELAY probe-11 616 guest fire
RELAY probe-11 631 guest state
RELAY probe-11 635 host fire
RELAY probe-11 662 host state
RELAY probe-11 666 guest fire
RELAY probe-11 697 guest state
RELAY probe-11 701 host fire
RELAY probe-11 716 host state
RELAY probe-11 720 guest fire
RELAY probe-11 736 guest state
RELAY probe-11 740 host fire
RELAY probe-11 755 host state
RELAY probe-11 766 guest fire
RELAY probe-11 777 guest fire
RELAY probe-11 792 guest state
RELAY probe-11 802 guest result
RELAY probe-11 802 guest result
RELAY probe-11 805 host bye
RELAY probe-11 805 host bye
PROBE 11 {"rounds":808,"sent":90,"dropped":0}
ASSERTIONS 228 0
