
> stage-studio-mvp@0.1.0 test:existing
> npm run test:seat && npm run test:regression && npm run test:result && npm run test:loopback && npm run test:stage3 && npm run test:lobby && npm run test:back && npm run test:ranking && npm run test:undef && npm run test:app-shell && npm run test:cache-version && npm run test:weekday-dungeon


> stage-studio-mvp@0.1.0 test:seat
> node tests/seattest.js p1 && node tests/seattest.js e1 && node tests/pointercanceltest.js && node tests/pointercanceltest.js e1


=== seat=p1 ===
  ok   席が URL のとおり
  ok   localUnit() が自席
  ok   foeUnit() が相手
  ok   control は席にだけ local
  ok   試合が始まっている
  ok   自分のカードは自キャラと同じ側
  ok   相手のカードは相手キャラと同じ側
  ok   カードは左右に1枚ずつ
  ok   isLocalTurn() が席と一致
  ok   ターン表示が席から見た呼び名
  ok   発射ボタンの活性が手番と一致
  ok   自席の手番までたどり着く
  ok   移動ボタンで自席が動く
  ok   移動で自席の燃料が減る
  ok   相手は動かない
  ok   発射できる状態になる
  ok   弾が発射された
  ok   弾の owner が自席
  ok   自陣営が勝ったら localWon()=true
  ok   相手陣営が勝ったら localWon()=false

20 passed, 0 failed

=== seat=e1 ===
  ok   席が URL のとおり
  ok   localUnit() が自席
  ok   foeUnit() が相手
  ok   control は席にだけ local
  ok   試合が始まっている
  ok   自分のカードは自キャラと同じ側
  ok   相手のカードは相手キャラと同じ側
  ok   カードは左右に1枚ずつ
  ok   isLocalTurn() が席と一致
  ok   ターン表示が席から見た呼び名
  ok   発射ボタンの活性が手番と一致
  ok   自席の手番までたどり着く
  ok   移動ボタンで自席が動く
  ok   移動で自席の燃料が減る
  ok   相手は動かない
  ok   発射できる状態になる
  ok   弾が発射された
  ok   弾の owner が自席
  ok   自陣営が勝ったら localWon()=true
  ok   相手陣営が勝ったら localWon()=false

20 passed, 0 failed
Pointer cancellation: 6 assertions passed
Pointer cancellation: 6 assertions passed

> stage-studio-mvp@0.1.0 test:regression
> node tests/regressiontest.js p1 && node tests/regressiontest.js e1


=== regression seat=p1 ===
  ok   キャラ選択は手前の最大7枚だけを描画する
  ok   キャラ解放の進捗を端末内へ保存し、既存キャラは移行直後も全開放する
  ok   Studioの解放条件をゲームカタログへ受け渡し、選択画面で未解放表示する
  ok   キャラ選択画面に解放進捗を表示し、基本実績を自動記録する
  ok   CPU戦の勝利をステージクリア・ボス撃破実績へ接続する
  ok   ロード中の石壁に更新時の読み込み案内を表示する
  ok   ロード中は項目数ではなく0〜100%ゲージとランダムキャラを表示する
  ok   対戦開始前に必要な1曲だけとロゴ動画を準備する
  ok   BATTLE画面に全ユニットのデバフ名と残りターンを表示する
  ok   CPU BATTLE連戦は相手とステージ種別を直前から引き直す
  ok   10連勝ごとのボスCPUはHP+30%・必殺チャージMAXで開始する
  ok   キャラ選択の見出しは「カタモンを選択」を大きく描く
  ok   中断再開は出撃より小さい下側ギアとして噛み合わせる
  ok   中断再開ギアは丸い見た目と同じ範囲だけ押せる
  ok   中断データがある時は小型ギアに再開と表示する
  ok   中断データが無い時は再開ギアを表示しない
  ok   中断再開のタッチ操作はpointerupで一度だけ確定する
  ok   非Gear中断の再開ギアを押して離すと中断データからバトルへ戻る
  ok   全18キャラの通常弾は弾速・風・重力・爆風・狙い線・CPU弾道が共通
  ok   同じ引っぱりなら全18キャラの通常弾の初速が一致する
  ok   実際に生成される通常弾も爆風・風・重力が共通
  ok   Bインパクトの地形破壊半径は通常弾44pxの1.5倍
  ok   Bインパクト命中者は少しだけ上方かつ爆心から外側へ吹き飛ぶ
  ok   レーザー・直進系を除く全キャラの砲弾型必殺は通常弾物理で、跳躍と除外必殺は固有値を残す
  ok   砲弾型必殺の実弾は固有効果を保ったまま通常弾と同じ風・重力を受ける
  ok   アスタウロスのDスマッシュは通常弾と同じ初速で発射し、着弾後の掘進だけを固有効果として残す
  ok   全18キャラの防御補正は等倍で共通
  ok   同じ位置へ直撃した通常弾は全18キャラに同じ爆風と45ダメージ
  ok   通常弾だけがPixabay着弾音の印を持ち、跳躍弾には付かない
  ok   通常弾の炸裂だけが読み込んだ爆発音を1回鳴らし、従来の炸裂は鳴らさない
  ok   the TAP TO START cannonball uses the same decoded explosion sample at wall impact
  ok   必殺はオーラだけを先に見せ、その後カットインへ移る
  ok   必殺弾はオーラとカットインを見せ切るまで発射されない
  ok   オーラはキャラ画像の背後から上向きに描く
  ok   必殺カットイン音は提供された新SEを効果音設定の経路で鳴らす
  ok   クール=カイの必殺技は専用の握り飯ボイスを鳴らす
  ok   キャラ選択にはキャラ名と必殺技名を描く
  ok   キャラ選択には選んだキャラの最大HPを描く
  ok   キャラ選択には選んだキャラらしい必殺技紹介を描く
  ok   キャラ選択カードは木板と紙札の意匠にする
  ok   キャラ選択には型と性能目盛りを描かない
  ok   キャラ選択には古い紹介文と古い必殺技説明を描かない
  ok   全キャラクターの表示名が確定した名前になっている
  ok   バルゲルカンの必殺技名は「バルコプター」
  ok   ブルームタンの必殺技名は「ドレインシード」
  ok   フェニーチェの必殺技名は「フレイムウェーブ」
  ok   スモエルの必殺技名は「職人カエル玉」
  ok   ゴーロッカの必殺技名は「Bインパクト」
  ok   アイボルトの必殺技名は「バインドスピット」
  ok   オベリスクの必殺技名は「プリズムビーム」
  ok   プレイアブル18体すべての必殺技説明を固定している
  ok   ディラノの必殺技説明は性能を示す
  ok   アイボルトの必殺技説明は性能を示す
  ok   ゴーロッカの必殺技説明は性能を示す
  ok   フェニーチェの必殺技説明は性能を示す
  ok   バルゲルカンの必殺技説明は性能を示す
  ok   オベリスクの必殺技説明は性能を示す
  ok   ブルームタンの必殺技説明は性能を示す
  ok   スモエルの必殺技説明は性能を示す
  ok   ドレッドアローの必殺技説明は性能を示す
  ok   ハムルトンの必殺技説明は性能を示す
  ok   モッチャリオの必殺技説明は性能を示す
  ok   クロムギアの必殺技説明は性能を示す
  ok   ルビデビの必殺技説明は性能を示す
  ok   アスタウロスの必殺技説明は性能を示す
  ok   パラディエの必殺技説明は性能を示す
  ok   にゃんタンクの必殺技説明は性能を示す
  ok   ヨミガマの必殺技説明は性能を示す
  ok   クール=カイの必殺技説明は性能を示す
  ok   ディラノの必殺技詳細は実挙動と一致する
  ok   アイボルトの必殺技詳細は実挙動と一致する
  ok   オベリスクの必殺技詳細は実挙動と一致する
  ok   ハムルトンの必殺技詳細は実挙動と一致する
  ok   モッチャリオの必殺技詳細は実挙動と一致する
  ok   クロムギアの必殺技詳細は実挙動と一致する
  ok   パラディエの必殺技詳細は実挙動と一致する
  ok   にゃんタンクの必殺技詳細は実挙動と一致する
  ok   クール=カイの必殺技詳細は実挙動と一致する
  ok   VSカットインの状態を検査できる
  ok   死神がキャラ選択に追加されている
  ok   デスゲートはDEAD LINEの下から固定射程
  ok   見かけの大きさを絵の比率から揃えている
  ok   VSカットインは全キャラ専用の顔位置を持つ
  ok   当たり判定を円で可視化している
  ok   判定の輪はキャラ画像より先に描く
  ok   直撃の円をキャラの体へ上げている
  ok   見えている輪と実際の判定が同じ中心を使う
  ok   発射基点と爆風の基準は動かしていない
  ok   透明余白の接地補正は描画専用で、物理足元を動かしていない
  ok   砲弾の素材5点をassetsから読み込んでいる
  ok   その5点が実際にリポジトリへ入っている
  ok   1vs1の砲弾は窓が1つ、2vs2の砲弾は窓が2つ
  ok   VS紋章は前面、上下の砲弾カードは中央から離れて4人を読める
  ok   窓の位置は絵に対する比率で、必ず絵の内側に収まる
  ok   2vs2の2つの窓は重ならない
  ok   相手陣営の砲弾は左右反転して描く
  ok   反転した砲弾では窓の左右も入れ替える
  ok   砲弾の絵が届かない端末のために、枠を自前で描く道がある
  ok   顔の切り出しはVS専用の値をそのまま使っている
  ok   砲弾がぶつかるのはカットインが終わるより前
  ok   VSカットの表示時間は3.6秒で、動きの速さは変えていない
  ok   止まって見せている時間が、動いている時間より長い
  ok   砲弾は画面の外から飛んでくる
  ok   砲弾は自分が向いている方向へ進む
  ok   最後はお互いを撃ち抜けて画面の外へ出る
  ok   撃ち抜けが始まるのはぶつかった後で、カットインの中で終わる
  ok   顔の切り出しは全16体ぶん揃っている
  ok   切り出しの値は画像の内側を指している
  ok   顔は名前の帯を避けた範囲の中央に置く
  ok   空きに出す情報は端末ごとに変わる値を使わない
  ok   死神は右向き原画で、戦闘中だけ2割大きく表示する
  ok   ドレッドアローの原画は右向きで個別反転を持たない
  ok   ドレッドアローとクール=カイは透明余白を除いて大きく表示する
  ok   キャラ選択の必殺技詳細はVSカットインなしの通信不要デモを開く
  ok   1vs1の開始時は両陣営1体ずつのVSカットイン
  ok   VSカットイン中は対戦を進めない
  ok   VSカットインは自動で終了する
  ok   デスゲートは一定間隔で縦穴を削る
  ok   デスゲートは両端の太さを保ちつつ、丸みのある逆三角形に削る
  ok   デスゲート自体は直接ダメージを与えない
  ok   1試合を通して例外が出ない
  ok   試合が決着する
  ok   winner が陣営名または引き分け
  ok   自分も撃っている
  ok   連勝カウントはプレイヤー陣営基準
  ok   風は決着後も有効値
  ok   保存前にクレーターができている
  ok   中断セーブが読める
  ok   セーブ形式が v4
  ok   セーブが units 形式
  ok   復元後もHP・燃料・キャラが一致
  ok   復元後もX座標が一致
  ok   復元後も風が一致
  ok   復元後も地形の破壊履歴が一致
  ok   復元後も手番が一致
  ok   復元しても席は動かない
  ok   CPU BATTLEはターン開始時に中断データを自動保存する
  ok   フリーモードに入る
  ok   フリーモードのキャラ設定が反映される
  ok   演習で必殺・CPU・風を切替でき、跳躍は全モード共通の毎手番ルールを表示する
  ok   跳躍は通常戦でも各手番に戻るが、着地後の移動不能中だけ使用できない
  ok   practice WIND POWER uses the same 0-to-10 scale as the battle wind arrow
  ok   演習前はキャラ・地形・ステージサイズ・人数だけを選び、練習条件は戦闘メニューにまとめる
  ok   カスタムステージはSTAGEの直下にあり、ほかの演習条件と重ならない
  ok   STAGEは左の共通欄から通常・カスタムの上下2択へ分かれる
  ok   カスタムステージはSTAGEの下段へ収まる色付きの選択ボタンである
  ok   演習設定のキャラ画像は敵欄も右向き原画をそのまま使い、個別反転しない
  ok   演習設定のキャラ画像は戦闘と同じ面積補正を使い、カードの足元へ接地する
  ok   演習設定の余白が大きい3キャラは可視車体だけをプレビューへ収める
  ok   サウンド設定を開いている間はカスタムステージのボタンを前面へ出さない
  ok   演習を終了すると中断セーブを作らずタイトルへ戻る
  ok   標準の最遠視点はマップ横幅100%を見渡せる
  ok   演習で大型を選ぶと2160×960・720列の戦場になる
  ok   大型の最遠視点もマップ横幅100%を見渡せる
  ok   大型闘技場は外壁と三段足場を高さ960へ広げる
  ok   大型闘技場の吊り障害物も高さ960の範囲へ広げる
  ok   大型闘技場の出撃位置は広げた上段足場に乗る
  ok   協力ボス専用ステージは初期台座だけ鋼鉄で、高所を含む移動用足場は壊れる
  ok   旧版が大型へ保存した69%は、新しい最遠視点へ移行する
  ok   全景から拡大すると手番キャラへ縦横とも寄る
  ok   標準闘技場の従来配置は変えない
  ok   フリーモードも例外なく決着
  ok   フリーモードは連勝を積まない
  ok   闘技場の中央は死線に届く奈落
  ok   CPUは奈落へ踏み込まない
  ok   CPUは自分の足元へは動ける
  ok   外壁の延長は一番引いた視点でも足りる
  ok   上端より上でも外壁は弾を止める(左)
  ok   上端より上でも外壁は弾を止める(右)
  ok   壁の内側は上空を素通しにする
  ok   壁のすぐ内側は塞がない
  ok   絵の高さを越えた先は素通し
  ok   闘技場以外は上空に壁を作らない
  ok   闘技場を描画しても落ちない
  ok   固定刻みは全端末共通の値
  ok   通常弾が地形を削っている(比較対象として成立している)
  ok   60fpsと120fpsでクレーターが完全一致する
  ok   60fpsと30fpsでクレーターが完全一致する
  ok   刻みが違ってもキャラの最終状態が一致する
  ok   上空の壁へ跳躍しても刻みによらず同じ結果になる
  ok   跳躍後に画面天井へ貼り付かない
  ok   跳躍後に闘技場の外壁へめり込まない
  ok   地形の底はDEAD LINEと一致する
  ok   最も低い地形でも共通の通常弾クレーターより床が厚い
  ok   高低差の幅を確保している
  ok   plateauLeft: 地形がDEAD LINEより下へはみ出さない
  ok   plateauRight: 地形がDEAD LINEより下へはみ出さない
  ok   mountainCenter: 地形がDEAD LINEより下へはみ出さない
  ok   valley: 地形がDEAD LINEより下へはみ出さない
  ok   rolling: 地形がDEAD LINEより下へはみ出さない
  ok   bridge: 地形がDEAD LINEより下へはみ出さない
  ok   tieredBasin: 地形がDEAD LINEより下へはみ出さない
  ok   底まである通常の地面が生成されている
  ok   最も低い地形でも通常弾1発では床が抜けない
  ok   掘った直後の地表はクレーターぶん下がっている
  ok   全キャラのマスター原画は右向きで個別補正を持たない
  ok   全キャラが左右どちらに居ても相手の方を向く
  ok   右向き原画だけの組み合わせでも両方が相手を向く
  ok   花火の接近信管は敵の90px手前で反応し、120px飛ぶまで起動しない
  ok   花火の8方向弾は従来の半速180px毎秒でゆっくり開く
  ok   花火の各方向は根元2発が中弾、先端1発が小弾になる
  ok   花火の接近信管は起動距離前には敵が範囲内でも反応しない
  ok   花火の接近信管は起動後、90px以内の敵に反応する
  ok   花火の接近信管は90pxを越えた敵には反応しない
  ok   花火の接近信管は発射者と同じ陣営には反応しない
  ok   オベリスクの必殺技名は「プリズムビーム」
  ok   プリズムビームの説明は地形非破壊と反射を示し、未実装の敵貫通をうたわない
  ok   プリズムビームは無風・無重力、地形破壊なし、反射上限と射程上限を持つ
  ok   ルビデビの必殺説明は障害物無視や爆発ではなく直撃電撃を示す
  ok   ルビデビの電撃は風・重力だけを無視し、空中障害物には遮られる
  ok   ルビデビの電撃は爆風と地形破壊を使わない直撃専用弾である
  ok   ルビデビの直撃は相手だけへダメージを与え、爆発も地形破壊も起こさない
  ok   ルビデビの電撃は地面や空中障害物で止まっても爆発・地形破壊しない
  ok   フェニーチェの必殺説明は旧・超高速弾ではなく左右へ広がる炎を示す
  ok   フェニーチェの必殺弾は同じ引っぱりなら通常弾と同じ初速になる
  ok   フェニーチェの必殺弾は通常弾と同じ風・重力を受け、フレイムウェーブの印だけを持つ
  ok   フェニーチェの炎は着弾点から地面に沿って左右3か所ずつへ広がる
  ok   フレイムウェーブの各炎は6ダメージを0.5秒間隔で3回与える設定
  ok   フレイムウェーブは着火時の1回目だけ6ダメージを与える
  ok   フレイムウェーブは0.5秒に達する前には追撃しない
  ok   フレイムウェーブは約0.5秒後に2回目の6ダメージを与える
  ok   フレイムウェーブは3回目で止まり、4回目のダメージを出さない
  ok   フェニーチェのフレイムウェーブは持続ダメージと小削りだけを起こし、大爆発には戻らない
  ok   ブルームタンの必殺説明は固定30回復ではなく与えたダメージ分の回復を示す
  ok   ブルームタンは必殺弾を発射しただけでは回復せず、吸収弾の印を持つ
  ok   ブルームタンの必殺弾が相手へ当たらなければ回復しない
  ok   ブルームタンは過剰ダメージで水増しせず、敵から実際に奪ったHPだけ回復する
  ok   ブルームタンの吸収回復は最大HPを超えない
  ok   バルゲルカンの必殺は「バルコプター」のマーキング弾1発で始まる
  ok   マーキング後は上端固定ではなく自キャラ座標の真上450pxへバルコプターが現れる
  ok   バルコプターはマーカーへ無風・無重力の機銃を10発だけ連射する
  ok   10発の機銃はマーカー方向を中心にほんの僅かだけ固定でブレる
  ok   バルコプターの機銃1発は3ダメージで、着弾地点を小さく削る
  ok   クールカイの必殺は1発6ダメージの握り飯を47発連射する
  ok   クールカイは必殺技後に6ターン移動不能になる
  ok   クールカイのおにぎり47発は大きめの固定バラツキで飛ぶ
  ok   クールカイのおにぎり47発は一定間隔の連射になっている
  ok   クールカイのおにぎりは見た目だけ3倍で判定値を変えない
  ok   クール=カイの握り飯47発は見た目の回転だけ個別にランダム化する
  ok   演習のクールカイ表示も透明余白を切り出す
  ok   クール=カイ必殺47発の解決後、チャージ済み高精度フェニーチェが必殺で応戦する
  ok   フェニーチェ手番後は残留物理なしでクール=カイの射撃可能手番へ戻る
  ok   移動封印中でも中央FIREの実pointer操作で次の砲弾を発射できる
  ok   ドレッドアローの必殺は高速貫通ではなく、照準どおりのスコーピオンレールである
  ok   スコーピオンレールは地面へ刺さった後に地表を這う状態へ切り替わる
  ok   スコーピオンレールは壁面でも最も近い相手がいる向きへ走り出す
  ok   スコーピオンレールは地形から離れず、壁を登って上面へ回り込む
  ok   スコーピオンレールは太い残光と長い軌跡でショックウェーブを描く
  ok   スコーピオンレールのショックウェーブ命中時は下から3本の毒針演出だけを出す
  ok   スコーピオンレールの毒針演出は描画時にも例外を出さない
  ok   長い必殺技名も開始カットインで省略せず全文を表示する
  ok   Dスマッシュの説明は地面へ着弾後に中小小の爆発で掘り進む性能を示す
  ok   Dスマッシュは地面へ当たる前から地形を無視せず、専用の着弾判定を持つ
  ok   Dスマッシュは地面への着弾後に爆発を3回だけ起こす
  ok   Dスマッシュの爆発は中→小→小で隙間なく、従来の掘削距離を保つ
  ok   Dスマッシュは着弾時の進行方向へ爆発しながら地中を掘り進む
  ok   タイトル最下部の更新履歴はBUILD_IDと同じv番号を表示する
  ok   タイトル最下部の更新履歴は日付と変更内容を持つ
  ok   タイトル最下部の更新履歴パネルは内容を表示しない
  ok   title update history text is vertically centered in its panel
  ok   更新履歴は最新版ボタンの横に収まり、操作領域と重ならない
  ok   更新履歴一覧の枠は縦に広い
  ok   update history modal leaves room for its heading above the viewport
  ok   update history heading and subtitle sit higher above the cards
  ok   the first update-history card is not styled as a tappable highlight
  ok   title update history label uses the larger fitting font
  ok   更新履歴は最新から過去版まで日付と内容を一覧データに持つ
  ok   タイトルの更新履歴をタップすると過去版一覧が開く
  ok   更新履歴の内容はモーダル内にクリップされ、閉じるボタンの外へ出ない
  ok   更新履歴は一覧位置を保持してスクロールできる
  ok   指をモーダル外へ動かしても更新履歴のタッチスクロールを継続する
  ok   更新履歴4件目から指を始めてもスクロールできる
  ok   更新履歴の下段カード付近から指を始めてもスクロールを掴める
  ok   更新履歴の右半分から指を始めてもスクロールを掴める
  ok   更新履歴は閉じるボタンでタイトルへ戻る
  ok   タイトルはBATTLEとGARAGEの意味別2ページへ分かれる
  ok   タイトルスライドは250〜400msで、短いスワイプを戻す閾値を持つ
  ok   各ページ内のボタンと左右矢印は重ならない
  ok   BATTLE/GARAGEタブは見た目を太らせずAndroidで押しやすい当たり判定を持つ
  ok   ボタン上からの長い左スワイプはボタンを誤発火せずGARAGEへ移る
  ok   短い横スワイプは元のBATTLEへ戻りCPUを発火しない
  ok   ボタン上の縦移動もタップ扱いにせずCPUを発火しない
  ok   指がslopを越えて元位置へ戻ってもCPUタップへ復帰しない
  ok   端末戻るで使うキャンセル処理はCPU押下途中の背面タップを破棄する
  ok   右矢印はpointerdownだけではページを決定しない
  ok   右矢印をpointerupまで押すとGARAGEへ移る
  ok   AndroidタッチがCanvas外へ出ても左右スワイプを完了できる
  ok   2本目の指は進行中のタイトルスワイプを上書きせず入力を固着させない
  ok   pointercancelはボタンを発火せず元のBATTLEへ戻す
  ok   おまけ曲が6曲登録されている
  ok   最初はおまけ曲を選んでいない
  ok   GARAGEのサウンドテストを押すと全BGM一覧を開く
  ok   サウンドテスト画面からショップと実績の小ボタンを撤去する
  ok   サウンドテストはタイトル・ロビー・全ステージ・おまけ6曲を登録する
  ok   全曲に基準音量が設定されている
  ok   おまけ曲はタイトル曲より大きい音量に設定されている
  ok   対戦へ移るとおまけ曲の選択が解除される
  ok   対戦中はステージ曲が鳴るべき曲になる
  ok   クールカイを選んだ対戦は専用BGMを固定で流す
  ok   クール=カイの連戦は専用BGMを先頭へ戻さず継続する
  ok   おまけ6とBATTLEロゴはドパガキリミックス名を表示する
  ok   タイトルへ戻ってもおまけ曲は鳴り出さない
  ok   にゃんタンクの必殺説明は次の手番を行動不能にする
  ok   猫だまし命中は移動封印を付けず行動不能を1手付ける
  ok   行動不能は移動封印と異なる頭上の星と電撃で表示する
  ok   行動不能の付与演出と手番の震えは従来の1.5倍にする
  ok   猫だまし命中の結果表示中は行動不能の震え演出を開始しない
  ok   行動不能の手番へ一度移り、震え演出中は状態をまだ消費しない
  ok   命中結果を見せている1.3秒間は行動不能演出の時間を消費しない
  ok   猫だまし命中の結果表示が消えてから行動不能の震え演出を開始する
  ok   従来の震え時間を過ぎても1.5倍の演出中はまだスキップしない
  ok   行動不能になったキャラの次の手番は操作させず自動で飛ばす
  ok   オンライン状態は震えスキップが完了してから送る
  ok   演習の既定は1vs1で、参加は2体のまま
  ok   1vs1の名前カードは2枚・広い専用枠高さ72・上端44
  ok   1vs1の司令盤はターン帯・ミニマップ・HUD下端を拡張位置へ揃える
  ok   2vs2の演習では追加2体も選択でき、キャラ行と設定行がそれぞれ揃う
  ok   2vs2のVSカットインは p1＆p2 vs e1＆e2 の順
  ok   2vs2を選ぶと4体で試合が始まる
  ok   4体の陣営と操作者が正しい(自分だけが操作、残り3体はCPU)
  ok   手番は陣営が交互に回る
  ok   2vs2の開始位置は4体とも足場の上(死線より下に湧かない)
  ok   2vs2でも味方同士は重ならない
  ok   2vs2は自陣営が左半分、敵陣営が右半分に並ぶ
  ok   2vs2の名前カードは4枚
  ok   自陣営2枚は左列、敵陣営2枚は右列に積まれる
  ok   4枚とも上下段のどちらかに置かれ、同じ段に重ならない
  ok   名前カードはHUD背景の下端より内側に収まる
  ok   名前カードはターン帯に重ならない
  ok   名前カードはミニマップに重ならない
  ok   2vs2は司令盤のターン帯とミニマップをカード2段ぶん下げる
  ok   4体それぞれのHPがカードに割り当てられている
  ok   電磁波は味方にも当たる(誤爆の扱いを通常の爆発と統一)
  ok   電磁波が空振りなら着弾時の移動不可カットインを出さない
  ok   電磁波が味方だけに当たった時は成功カットインを出さない
  ok   バインドスピットが敵へ命中した時だけ移動不可カットインを出す
  ok   移動封印中は文字や電気ではなく、足元を前後から囲む鎖と南京錠を割り当てる
  ok   薄く描く条件とダメージ判定の条件が同じ関数を通っている
  ok   撃破済みのキャラにダメージ数字を出さない(爆風)
  ok   撃破済みへの爆風は与ダメ記録にも積まない
  ok   撃破済みのキャラにダメージ数字を出さない(電磁波)
  ok   撃破済みのキャラに移動封印をかけ直さない
  ok   撃破済みのキャラにダメージ数字を出さない(拡散弾)
  ok   生きているキャラには今までどおりダメージ数字が出る
  ok   弾のownerはユニットのidの文字列
  ok   味方のすぐ隣に居る敵は狙わず、離れている敵を狙う
  ok   味方が離れていれば一番近い敵を狙う
  ok   倒れた敵は狙わない
  ok   1vs1の標的選びは従来どおり唯一の敵
  ok   1vs1の開始位置は2vs2導入後も変わらない
  ok   2vs2は5戦とも決着まで進む(倒れたユニットで手番が止まらない)
  ok   中断データは対戦形式と4体ぶんのユニットを持つ
  ok   2vs2の中断データを読み込むと4体へ戻る
  ok   通常の状態同期でVSカットインを出し直さない
  ok   形式を持たない旧データは1vs1として読む
  ok   演習に対戦方式の行が増えている
  ok   対戦方式の行は開始ボタンと重ならない
  ok   演習の各行の当たり判定が重なっていない
  ok   演習画面の右矢印で1vs1→2vs2へ切り替わる
  ok   演習画面の左矢印で2vs2→1vs1へ戻る
  ok   席がe1なら自陣営(e1/e2)が右列、相手陣営(p1/p2)が左列になる
  ok   席がe1でも4枚とも上下2段に収まる
  ok   開始カットインが出ている間は「手番はまだ始まっていない」
  ok   先攻を差し替えても、カットインが明ける前には撃たれない
  ok   カットインが明けてから撃つまでに、盤面を見る時間が1秒以上ある
  ok   差し替えた側の手番でもCPUの行動計画がきちんと作られる
  ok   ホストの通信待ちの間は、まだカットインが出ていない
  ok   カットインがまだ出ていない通信待ちの間も、CPUは撃たない
  ok   手番の知らせは、HPカードと同じ呼び名を見出しにする
  ok   同じキャラが左右に並んでも、味方CPUと敵CPUは見分けられる
  ok   自分・味方・相手を言い分ける
  ok   自陣営と相手陣営で見出しの色が違う
  ok   手番が変わると、その名前と役どころが実際にカットインへ出る
  ok   CPUが狙いを定める時間は1.5秒以上ある
  ok   手番の知らせは、前より長く出て読み切れる
  ok   砲弾もキャラも画像が届かない端末で、4人の名前がカットインにも描かれる
  ok   その状態でもVSの合図は文字で出る
  ok   1vs1では型を出さずHP・必殺技が実際に描かれる
  ok   2vs2では窓が狭いので出さない
  ok   チュートリアルは6項目で、すべて場の用意と完了判定を持つ
  ok   本文は1行ずつ書かれていて、長すぎる行が無い
  ok   教える順は、撃つ→風→動く→跳ぶ→必殺→足場
  ok   チュートリアル中の手番は自分だけ(相手は撃ち返してこない)
  ok   最初は1つ目の項目から始まる
  ok   当てるまでは何分待っても次へ進まない
  ok   相手は一度も撃ってこない(弾が飛んでいない)
  ok   時間切れで終わらない
  ok   当てた瞬間に「できた!」へ変わる
  ok   少し見せてから次の項目へ進む
  ok   次の項目では的のHPが戻っている(倒して途中で終わらせない)
  ok   的が倒れても結果画面へ行かない(勝ち負けを付けない)
  ok   倒れかけた的は1で止まり、撃ち続けられる
  ok   手番を重ねても時間切れで終わらない
  ok   「動く」は動いた時点で完了する
  ok   「跳ぶ」の始めには跳躍が使える(前の項目で使っていても戻す)
  ok   「跳ぶ」は跳躍を使った時点で完了する
  ok   「必殺」の始めには必殺が溜まっている
  ok   必殺を撃ったあとは、演出中に次の項目へ遷移しない
  ok   最後の項目では、的が細い足場の上に立っている(左右は掘り抜かれている)
  ok   どの項目でも、的は必ず地面の上に置かれる(落ちて勝手に進まない)
  ok   チュートリアルの地形は固定されていて、毎回同じ手触りで覚えられる
  ok   チュートリアルの開始カットは TUTORIAL START! と出る
  ok   足場は通常弾1発ぶんのクレーターに収まる大きさ
  ok   足場を1発撃てば、的は場外まで落ちる(4回とも)
  ok   最後の項目を終えると完了になる
  ok   完了するとタイトルへ戻り、通常の対戦モードへ戻る
  ok   完了すると、次からはタイトルで勧めない
  ok   完了しても勝ち負けは付かない
  ok   とばすとタイトルへ戻り、通常の対戦モードに戻る
  ok   一度通すか飛ばすと、タイトルで勧めなくなる
  ok   「チュートリアル」ボタンが他のタイトルボタンと重ならない
  ok   「チュートリアル」ボタンが画面内に収まっている
  ok   タイトルメニューのチュートリアル・演習文字を読みやすい大きさにする
  ok   タイトルの「チュートリアル」「演習」は見出しを上げ、説明との間隔を広げる
  ok   羊皮紙の文字は茶色ではなく深い青緑で読み分けられる
  ok   GARAGEのMUSIC ROOMは既存の緑盾内へ収まる文字サイズを使う
  ok   GARAGEにはショップ・実績・LOADOUT・MUSIC ROOMを表示する
  ok   タイトルが既存4素材とLOADOUT専用メカニカル枠を使う
  ok   BATTLEとGARAGEが既存素材とLOADOUT専用枠を役割別に使う
  ok   GARAGE下段はLOADOUTを中央へ大型化し、MUSIC ROOMの緑盾を右下へ分けて置く
  ok   木枠と中のボタン素材を同じ割合で一回り大きくする
  ok   中断データがあっても黄色い選択囲いを出さない
  ok   RANKINGの吊り看板はBATTLE下段の中央へ収まる
  ok   BATTLEは対戦5項目、GARAGEは管理5項目の順で、更新ボタンは木枠外へ固定する
  ok   木板と両ページのボタンが画面内に収まり、同じページ内で重ならない
  ok   空を毎コマ焼き直していない(30コマ描いても回数が増えない)
  ok   地形を毎コマ束ね直していない(30コマ描いても回数が増えない)
  ok   穴あけのあと、地形を束ね直す合図が立つ
  ok   縁取りなしの穴あけ(拡散弾の道)のあと、地形を束ね直す合図が立つ
  ok   地形の作り直しのあと、地形を束ね直す合図が立つ
  ok   縁取りの描き直しのあと、地形を束ね直す合図が立つ
  ok   橋の描き直しのあと、地形を束ね直す合図が立つ
  ok   闘技場の飾りの描き直しのあと、地形を束ね直す合図が立つ
  ok   穴があいたら、地形を実際に1回だけ束ね直す
  ok   テーマが変われば空を焼き直す
  ok   遠景の種が変われば空を焼き直す
  ok   テーマを変えたら、空を実際に1回だけ焼き直す
  ok   実機(1080x2374, 2.625倍): キャンバスが画面の実画素とぴったり一致する
  ok   実機(1080x2374, 2.625倍): 上限を超えない
  ok   実機(1080x2374, 2.625倍): キャンバスの大きさと拡大率が食い違わない
  ok   横長の端末(412x915, 3倍): 上限で頭打ちになる
  ok   横長の端末(412x915, 3倍): 上限を超えない
  ok   横長の端末(412x915, 3倍): キャンバスの大きさと拡大率が食い違わない
  ok   低い解像度(360x640, 2倍): キャンバスが画面の実画素とぴったり一致する
  ok   低い解像度(360x640, 2倍): 上限を超えない
  ok   低い解像度(360x640, 2倍): キャンバスの大きさと拡大率が食い違わない
  ok   等倍の画面(540x960, 1倍): キャンバスが画面の実画素とぴったり一致する
  ok   等倍の画面(540x960, 1倍): 上限を超えない
  ok   等倍の画面(540x960, 1倍): キャンバスの大きさと拡大率が食い違わない
  ok   高精細な端末では上限で止まる(塗る量が二乗で増えるのを防ぐ)
  ok   描く細かさの上限は2
  ok   タイトルは石壁タップから始点・動画・終点の3素材を順番に使う
  ok   タイトル背景を端末時刻で朝昼夕夜へ切り替えない
  ok   新タイトル演出は起動後の開始操作で一度だけ開始状態になる
  ok   タイトルの動かない絵を焼く仕組みがある
  ok   タイトルは仮想座標の2倍で焼く
  ok   タイトルを毎コマ焼き直していない(30コマ描いても回数が増えない)
  ok   BATTLEとGARAGEは全画面より小さい2枚の木板キャッシュへ分離する
  ok   タイトル木板も30コマで焼き直さず、完成済み画像だけをスライドする
  ok   背景とロゴの準備状態が変わればタイトルを1回だけ焼き直す
  ok   対戦開始時に次の風が1つ用意される
  ok   1vs1は4ターン目まで現在の風を保ち、予報した風を次に使う
  ok   再戦では前の試合の風予報を持ち越さない
  ok   固定風は現在と次が同じ値になる
  ok   無風固定は現在も次も無風になる
  ok   2vs2は全員が2巡する8ターン目に予報した風を使う
  ok   中断再開・観戦用の状態復元でも次の風が一致する
  ok   各背景に一部鋼鉄・全面鋼鉄の公式ステージが追加されている
  ok   鋼鉄ステージの素材情報が開始スナップショットへ保存される
  ok   4体の必殺を同じ一斉砲撃へ積むと、全員同時オーラの予兆から始まる
  ok   同時オーラは4体のキャラ・技名・固有色を欠かさず同じ時間状態で保持する
  ok   同時オーラ終了後にだけ2.37秒のカットインへ進み、まだ発射しない
  ok   複数必殺パネルは全員同時出現ではなく約0.16秒差で1体ずつ飛び込む
  ok   4体同時カットインをCanvasへ描くと「同時必殺」と全員の技名が同じフレームに出る
  ok   同時カットインはカタモン固有の黒鉄・真鍮パネルとして実装し、他作品の画像を持ち込まない
  ok   一斉行動の跳躍と救助弾は通常物理へ同時に投入し、各使用権を1回だけ消費する

476 passed, 0 failed

=== regression seat=e1 ===
  ok   キャラ選択は手前の最大7枚だけを描画する
  ok   キャラ解放の進捗を端末内へ保存し、既存キャラは移行直後も全開放する
  ok   Studioの解放条件をゲームカタログへ受け渡し、選択画面で未解放表示する
  ok   キャラ選択画面に解放進捗を表示し、基本実績を自動記録する
  ok   CPU戦の勝利をステージクリア・ボス撃破実績へ接続する
  ok   ロード中の石壁に更新時の読み込み案内を表示する
  ok   ロード中は項目数ではなく0〜100%ゲージとランダムキャラを表示する
  ok   対戦開始前に必要な1曲だけとロゴ動画を準備する
  ok   BATTLE画面に全ユニットのデバフ名と残りターンを表示する
  ok   CPU BATTLE連戦は相手とステージ種別を直前から引き直す
  ok   10連勝ごとのボスCPUはHP+30%・必殺チャージMAXで開始する
  ok   キャラ選択の見出しは「カタモンを選択」を大きく描く
  ok   中断再開は出撃より小さい下側ギアとして噛み合わせる
  ok   中断再開ギアは丸い見た目と同じ範囲だけ押せる
  ok   中断データがある時は小型ギアに再開と表示する
  ok   中断データが無い時は再開ギアを表示しない
  ok   中断再開のタッチ操作はpointerupで一度だけ確定する
  ok   非Gear中断の再開ギアを押して離すと中断データからバトルへ戻る
  ok   全18キャラの通常弾は弾速・風・重力・爆風・狙い線・CPU弾道が共通
  ok   同じ引っぱりなら全18キャラの通常弾の初速が一致する
  ok   実際に生成される通常弾も爆風・風・重力が共通
  ok   Bインパクトの地形破壊半径は通常弾44pxの1.5倍
  ok   Bインパクト命中者は少しだけ上方かつ爆心から外側へ吹き飛ぶ
  ok   レーザー・直進系を除く全キャラの砲弾型必殺は通常弾物理で、跳躍と除外必殺は固有値を残す
  ok   砲弾型必殺の実弾は固有効果を保ったまま通常弾と同じ風・重力を受ける
  ok   アスタウロスのDスマッシュは通常弾と同じ初速で発射し、着弾後の掘進だけを固有効果として残す
  ok   全18キャラの防御補正は等倍で共通
  ok   同じ位置へ直撃した通常弾は全18キャラに同じ爆風と45ダメージ
  ok   通常弾だけがPixabay着弾音の印を持ち、跳躍弾には付かない
  ok   通常弾の炸裂だけが読み込んだ爆発音を1回鳴らし、従来の炸裂は鳴らさない
  ok   the TAP TO START cannonball uses the same decoded explosion sample at wall impact
  ok   必殺はオーラだけを先に見せ、その後カットインへ移る
  ok   必殺弾はオーラとカットインを見せ切るまで発射されない
  ok   オーラはキャラ画像の背後から上向きに描く
  ok   必殺カットイン音は提供された新SEを効果音設定の経路で鳴らす
  ok   クール=カイの必殺技は専用の握り飯ボイスを鳴らす
  ok   キャラ選択にはキャラ名と必殺技名を描く
  ok   キャラ選択には選んだキャラの最大HPを描く
  ok   キャラ選択には選んだキャラらしい必殺技紹介を描く
  ok   キャラ選択カードは木板と紙札の意匠にする
  ok   キャラ選択には型と性能目盛りを描かない
  ok   キャラ選択には古い紹介文と古い必殺技説明を描かない
  ok   全キャラクターの表示名が確定した名前になっている
  ok   バルゲルカンの必殺技名は「バルコプター」
  ok   ブルームタンの必殺技名は「ドレインシード」
  ok   フェニーチェの必殺技名は「フレイムウェーブ」
  ok   スモエルの必殺技名は「職人カエル玉」
  ok   ゴーロッカの必殺技名は「Bインパクト」
  ok   アイボルトの必殺技名は「バインドスピット」
  ok   オベリスクの必殺技名は「プリズムビーム」
  ok   プレイアブル18体すべての必殺技説明を固定している
  ok   ディラノの必殺技説明は性能を示す
  ok   アイボルトの必殺技説明は性能を示す
  ok   ゴーロッカの必殺技説明は性能を示す
  ok   フェニーチェの必殺技説明は性能を示す
  ok   バルゲルカンの必殺技説明は性能を示す
  ok   オベリスクの必殺技説明は性能を示す
  ok   ブルームタンの必殺技説明は性能を示す
  ok   スモエルの必殺技説明は性能を示す
  ok   ドレッドアローの必殺技説明は性能を示す
  ok   ハムルトンの必殺技説明は性能を示す
  ok   モッチャリオの必殺技説明は性能を示す
  ok   クロムギアの必殺技説明は性能を示す
  ok   ルビデビの必殺技説明は性能を示す
  ok   アスタウロスの必殺技説明は性能を示す
  ok   パラディエの必殺技説明は性能を示す
  ok   にゃんタンクの必殺技説明は性能を示す
  ok   ヨミガマの必殺技説明は性能を示す
  ok   クール=カイの必殺技説明は性能を示す
  ok   ディラノの必殺技詳細は実挙動と一致する
  ok   アイボルトの必殺技詳細は実挙動と一致する
  ok   オベリスクの必殺技詳細は実挙動と一致する
  ok   ハムルトンの必殺技詳細は実挙動と一致する
  ok   モッチャリオの必殺技詳細は実挙動と一致する
  ok   クロムギアの必殺技詳細は実挙動と一致する
  ok   パラディエの必殺技詳細は実挙動と一致する
  ok   にゃんタンクの必殺技詳細は実挙動と一致する
  ok   クール=カイの必殺技詳細は実挙動と一致する
  ok   VSカットインの状態を検査できる
  ok   死神がキャラ選択に追加されている
  ok   デスゲートはDEAD LINEの下から固定射程
  ok   見かけの大きさを絵の比率から揃えている
  ok   VSカットインは全キャラ専用の顔位置を持つ
  ok   当たり判定を円で可視化している
  ok   判定の輪はキャラ画像より先に描く
  ok   直撃の円をキャラの体へ上げている
  ok   見えている輪と実際の判定が同じ中心を使う
  ok   発射基点と爆風の基準は動かしていない
  ok   透明余白の接地補正は描画専用で、物理足元を動かしていない
  ok   砲弾の素材5点をassetsから読み込んでいる
  ok   その5点が実際にリポジトリへ入っている
  ok   1vs1の砲弾は窓が1つ、2vs2の砲弾は窓が2つ
  ok   VS紋章は前面、上下の砲弾カードは中央から離れて4人を読める
  ok   窓の位置は絵に対する比率で、必ず絵の内側に収まる
  ok   2vs2の2つの窓は重ならない
  ok   相手陣営の砲弾は左右反転して描く
  ok   反転した砲弾では窓の左右も入れ替える
  ok   砲弾の絵が届かない端末のために、枠を自前で描く道がある
  ok   顔の切り出しはVS専用の値をそのまま使っている
  ok   砲弾がぶつかるのはカットインが終わるより前
  ok   VSカットの表示時間は3.6秒で、動きの速さは変えていない
  ok   止まって見せている時間が、動いている時間より長い
  ok   砲弾は画面の外から飛んでくる
  ok   砲弾は自分が向いている方向へ進む
  ok   最後はお互いを撃ち抜けて画面の外へ出る
  ok   撃ち抜けが始まるのはぶつかった後で、カットインの中で終わる
  ok   顔の切り出しは全16体ぶん揃っている
  ok   切り出しの値は画像の内側を指している
  ok   顔は名前の帯を避けた範囲の中央に置く
  ok   空きに出す情報は端末ごとに変わる値を使わない
  ok   死神は右向き原画で、戦闘中だけ2割大きく表示する
  ok   ドレッドアローの原画は右向きで個別反転を持たない
  ok   ドレッドアローとクール=カイは透明余白を除いて大きく表示する
  ok   キャラ選択の必殺技詳細はVSカットインなしの通信不要デモを開く
  ok   1vs1の開始時は両陣営1体ずつのVSカットイン
  ok   VSカットイン中は対戦を進めない
  ok   VSカットインは自動で終了する
  ok   デスゲートは一定間隔で縦穴を削る
  ok   デスゲートは両端の太さを保ちつつ、丸みのある逆三角形に削る
  ok   デスゲート自体は直接ダメージを与えない
  ok   1試合を通して例外が出ない
  ok   試合が決着する
  ok   winner が陣営名または引き分け
  ok   自分も撃っている
  ok   連勝カウントはプレイヤー陣営基準
  ok   風は決着後も有効値
  ok   保存前にクレーターができている
  ok   中断セーブが読める
  ok   セーブ形式が v4
  ok   セーブが units 形式
  ok   復元後もHP・燃料・キャラが一致
  ok   復元後もX座標が一致
  ok   復元後も風が一致
  ok   復元後も地形の破壊履歴が一致
  ok   復元後も手番が一致
  ok   復元しても席は動かない
  ok   CPU BATTLEはターン開始時に中断データを自動保存する
  ok   フリーモードに入る
  ok   フリーモードのキャラ設定が反映される
  ok   演習で必殺・CPU・風を切替でき、跳躍は全モード共通の毎手番ルールを表示する
  ok   跳躍は通常戦でも各手番に戻るが、着地後の移動不能中だけ使用できない
  ok   practice WIND POWER uses the same 0-to-10 scale as the battle wind arrow
  ok   演習前はキャラ・地形・ステージサイズ・人数だけを選び、練習条件は戦闘メニューにまとめる
  ok   カスタムステージはSTAGEの直下にあり、ほかの演習条件と重ならない
  ok   STAGEは左の共通欄から通常・カスタムの上下2択へ分かれる
  ok   カスタムステージはSTAGEの下段へ収まる色付きの選択ボタンである
  ok   演習設定のキャラ画像は敵欄も右向き原画をそのまま使い、個別反転しない
  ok   演習設定のキャラ画像は戦闘と同じ面積補正を使い、カードの足元へ接地する
  ok   演習設定の余白が大きい3キャラは可視車体だけをプレビューへ収める
  ok   サウンド設定を開いている間はカスタムステージのボタンを前面へ出さない
  ok   演習を終了すると中断セーブを作らずタイトルへ戻る
  ok   標準の最遠視点はマップ横幅100%を見渡せる
  ok   演習で大型を選ぶと2160×960・720列の戦場になる
  ok   大型の最遠視点もマップ横幅100%を見渡せる
  ok   大型闘技場は外壁と三段足場を高さ960へ広げる
  ok   大型闘技場の吊り障害物も高さ960の範囲へ広げる
  ok   大型闘技場の出撃位置は広げた上段足場に乗る
  ok   協力ボス専用ステージは初期台座だけ鋼鉄で、高所を含む移動用足場は壊れる
  ok   旧版が大型へ保存した69%は、新しい最遠視点へ移行する
  ok   全景から拡大すると手番キャラへ縦横とも寄る
  ok   標準闘技場の従来配置は変えない
  ok   フリーモードも例外なく決着
  ok   フリーモードは連勝を積まない
  ok   闘技場の中央は死線に届く奈落
  ok   CPUは奈落へ踏み込まない
  ok   CPUは自分の足元へは動ける
  ok   外壁の延長は一番引いた視点でも足りる
  ok   上端より上でも外壁は弾を止める(左)
  ok   上端より上でも外壁は弾を止める(右)
  ok   壁の内側は上空を素通しにする
  ok   壁のすぐ内側は塞がない
  ok   絵の高さを越えた先は素通し
  ok   闘技場以外は上空に壁を作らない
  ok   闘技場を描画しても落ちない
  ok   固定刻みは全端末共通の値
  ok   通常弾が地形を削っている(比較対象として成立している)
  ok   60fpsと120fpsでクレーターが完全一致する
  ok   60fpsと30fpsでクレーターが完全一致する
  ok   刻みが違ってもキャラの最終状態が一致する
  ok   上空の壁へ跳躍しても刻みによらず同じ結果になる
  ok   跳躍後に画面天井へ貼り付かない
  ok   跳躍後に闘技場の外壁へめり込まない
  ok   地形の底はDEAD LINEと一致する
  ok   最も低い地形でも共通の通常弾クレーターより床が厚い
  ok   高低差の幅を確保している
  ok   plateauLeft: 地形がDEAD LINEより下へはみ出さない
  ok   plateauRight: 地形がDEAD LINEより下へはみ出さない
  ok   mountainCenter: 地形がDEAD LINEより下へはみ出さない
  ok   valley: 地形がDEAD LINEより下へはみ出さない
  ok   rolling: 地形がDEAD LINEより下へはみ出さない
  ok   bridge: 地形がDEAD LINEより下へはみ出さない
  ok   tieredBasin: 地形がDEAD LINEより下へはみ出さない
  ok   底まである通常の地面が生成されている
  ok   最も低い地形でも通常弾1発では床が抜けない
  ok   掘った直後の地表はクレーターぶん下がっている
  ok   全キャラのマスター原画は右向きで個別補正を持たない
  ok   全キャラが左右どちらに居ても相手の方を向く
  ok   右向き原画だけの組み合わせでも両方が相手を向く
  ok   花火の接近信管は敵の90px手前で反応し、120px飛ぶまで起動しない
  ok   花火の8方向弾は従来の半速180px毎秒でゆっくり開く
  ok   花火の各方向は根元2発が中弾、先端1発が小弾になる
  ok   花火の接近信管は起動距離前には敵が範囲内でも反応しない
  ok   花火の接近信管は起動後、90px以内の敵に反応する
  ok   花火の接近信管は90pxを越えた敵には反応しない
  ok   花火の接近信管は発射者と同じ陣営には反応しない
  ok   オベリスクの必殺技名は「プリズムビーム」
  ok   プリズムビームの説明は地形非破壊と反射を示し、未実装の敵貫通をうたわない
  ok   プリズムビームは無風・無重力、地形破壊なし、反射上限と射程上限を持つ
  ok   ルビデビの必殺説明は障害物無視や爆発ではなく直撃電撃を示す
  ok   ルビデビの電撃は風・重力だけを無視し、空中障害物には遮られる
  ok   ルビデビの電撃は爆風と地形破壊を使わない直撃専用弾である
  ok   ルビデビの直撃は相手だけへダメージを与え、爆発も地形破壊も起こさない
  ok   ルビデビの電撃は地面や空中障害物で止まっても爆発・地形破壊しない
  ok   フェニーチェの必殺説明は旧・超高速弾ではなく左右へ広がる炎を示す
  ok   フェニーチェの必殺弾は同じ引っぱりなら通常弾と同じ初速になる
  ok   フェニーチェの必殺弾は通常弾と同じ風・重力を受け、フレイムウェーブの印だけを持つ
  ok   フェニーチェの炎は着弾点から地面に沿って左右3か所ずつへ広がる
  ok   フレイムウェーブの各炎は6ダメージを0.5秒間隔で3回与える設定
  ok   フレイムウェーブは着火時の1回目だけ6ダメージを与える
  ok   フレイムウェーブは0.5秒に達する前には追撃しない
  ok   フレイムウェーブは約0.5秒後に2回目の6ダメージを与える
  ok   フレイムウェーブは3回目で止まり、4回目のダメージを出さない
  ok   フェニーチェのフレイムウェーブは持続ダメージと小削りだけを起こし、大爆発には戻らない
  ok   ブルームタンの必殺説明は固定30回復ではなく与えたダメージ分の回復を示す
  ok   ブルームタンは必殺弾を発射しただけでは回復せず、吸収弾の印を持つ
  ok   ブルームタンの必殺弾が相手へ当たらなければ回復しない
  ok   ブルームタンは過剰ダメージで水増しせず、敵から実際に奪ったHPだけ回復する
  ok   ブルームタンの吸収回復は最大HPを超えない
  ok   バルゲルカンの必殺は「バルコプター」のマーキング弾1発で始まる
  ok   マーキング後は上端固定ではなく自キャラ座標の真上450pxへバルコプターが現れる
  ok   バルコプターはマーカーへ無風・無重力の機銃を10発だけ連射する
  ok   10発の機銃はマーカー方向を中心にほんの僅かだけ固定でブレる
  ok   バルコプターの機銃1発は3ダメージで、着弾地点を小さく削る
  ok   クールカイの必殺は1発6ダメージの握り飯を47発連射する
  ok   クールカイは必殺技後に6ターン移動不能になる
  ok   クールカイのおにぎり47発は大きめの固定バラツキで飛ぶ
  ok   クールカイのおにぎり47発は一定間隔の連射になっている
  ok   クールカイのおにぎりは見た目だけ3倍で判定値を変えない
  ok   クール=カイの握り飯47発は見た目の回転だけ個別にランダム化する
  ok   演習のクールカイ表示も透明余白を切り出す
  ok   クール=カイ必殺47発の解決後、チャージ済み高精度フェニーチェが必殺で応戦する
  ok   フェニーチェ手番後は残留物理なしでクール=カイの射撃可能手番へ戻る
  ok   移動封印中でも中央FIREの実pointer操作で次の砲弾を発射できる
  ok   ドレッドアローの必殺は高速貫通ではなく、照準どおりのスコーピオンレールである
  ok   スコーピオンレールは地面へ刺さった後に地表を這う状態へ切り替わる
  ok   スコーピオンレールは壁面でも最も近い相手がいる向きへ走り出す
  ok   スコーピオンレールは地形から離れず、壁を登って上面へ回り込む
  ok   スコーピオンレールは太い残光と長い軌跡でショックウェーブを描く
  ok   スコーピオンレールのショックウェーブ命中時は下から3本の毒針演出だけを出す
  ok   スコーピオンレールの毒針演出は描画時にも例外を出さない
  ok   長い必殺技名も開始カットインで省略せず全文を表示する
  ok   Dスマッシュの説明は地面へ着弾後に中小小の爆発で掘り進む性能を示す
  ok   Dスマッシュは地面へ当たる前から地形を無視せず、専用の着弾判定を持つ
  ok   Dスマッシュは地面への着弾後に爆発を3回だけ起こす
  ok   Dスマッシュの爆発は中→小→小で隙間なく、従来の掘削距離を保つ
  ok   Dスマッシュは着弾時の進行方向へ爆発しながら地中を掘り進む
  ok   タイトル最下部の更新履歴はBUILD_IDと同じv番号を表示する
  ok   タイトル最下部の更新履歴は日付と変更内容を持つ
  ok   タイトル最下部の更新履歴パネルは内容を表示しない
  ok   title update history text is vertically centered in its panel
  ok   更新履歴は最新版ボタンの横に収まり、操作領域と重ならない
  ok   更新履歴一覧の枠は縦に広い
  ok   update history modal leaves room for its heading above the viewport
  ok   update history heading and subtitle sit higher above the cards
  ok   the first update-history card is not styled as a tappable highlight
  ok   title update history label uses the larger fitting font
  ok   更新履歴は最新から過去版まで日付と内容を一覧データに持つ
  ok   タイトルの更新履歴をタップすると過去版一覧が開く
  ok   更新履歴の内容はモーダル内にクリップされ、閉じるボタンの外へ出ない
  ok   更新履歴は一覧位置を保持してスクロールできる
  ok   指をモーダル外へ動かしても更新履歴のタッチスクロールを継続する
  ok   更新履歴4件目から指を始めてもスクロールできる
  ok   更新履歴の下段カード付近から指を始めてもスクロールを掴める
  ok   更新履歴の右半分から指を始めてもスクロールを掴める
  ok   更新履歴は閉じるボタンでタイトルへ戻る
  ok   タイトルはBATTLEとGARAGEの意味別2ページへ分かれる
  ok   タイトルスライドは250〜400msで、短いスワイプを戻す閾値を持つ
  ok   各ページ内のボタンと左右矢印は重ならない
  ok   BATTLE/GARAGEタブは見た目を太らせずAndroidで押しやすい当たり判定を持つ
  ok   ボタン上からの長い左スワイプはボタンを誤発火せずGARAGEへ移る
  ok   短い横スワイプは元のBATTLEへ戻りCPUを発火しない
  ok   ボタン上の縦移動もタップ扱いにせずCPUを発火しない
  ok   指がslopを越えて元位置へ戻ってもCPUタップへ復帰しない
  ok   端末戻るで使うキャンセル処理はCPU押下途中の背面タップを破棄する
  ok   右矢印はpointerdownだけではページを決定しない
  ok   右矢印をpointerupまで押すとGARAGEへ移る
  ok   AndroidタッチがCanvas外へ出ても左右スワイプを完了できる
  ok   2本目の指は進行中のタイトルスワイプを上書きせず入力を固着させない
  ok   pointercancelはボタンを発火せず元のBATTLEへ戻す
  ok   おまけ曲が6曲登録されている
  ok   最初はおまけ曲を選んでいない
  ok   GARAGEのサウンドテストを押すと全BGM一覧を開く
  ok   サウンドテスト画面からショップと実績の小ボタンを撤去する
  ok   サウンドテストはタイトル・ロビー・全ステージ・おまけ6曲を登録する
  ok   全曲に基準音量が設定されている
  ok   おまけ曲はタイトル曲より大きい音量に設定されている
  ok   対戦へ移るとおまけ曲の選択が解除される
  ok   対戦中はステージ曲が鳴るべき曲になる
  ok   クールカイを選んだ対戦は専用BGMを固定で流す
  ok   クール=カイの連戦は専用BGMを先頭へ戻さず継続する
  ok   おまけ6とBATTLEロゴはドパガキリミックス名を表示する
  ok   タイトルへ戻ってもおまけ曲は鳴り出さない
  ok   にゃんタンクの必殺説明は次の手番を行動不能にする
  ok   猫だまし命中は移動封印を付けず行動不能を1手付ける
  ok   行動不能は移動封印と異なる頭上の星と電撃で表示する
  ok   行動不能の付与演出と手番の震えは従来の1.5倍にする
  ok   猫だまし命中の結果表示中は行動不能の震え演出を開始しない
  ok   行動不能の手番へ一度移り、震え演出中は状態をまだ消費しない
  ok   命中結果を見せている1.3秒間は行動不能演出の時間を消費しない
  ok   猫だまし命中の結果表示が消えてから行動不能の震え演出を開始する
  ok   従来の震え時間を過ぎても1.5倍の演出中はまだスキップしない
  ok   行動不能になったキャラの次の手番は操作させず自動で飛ばす
  ok   オンライン状態は震えスキップが完了してから送る
  ok   演習の既定は1vs1で、参加は2体のまま
  ok   1vs1の名前カードは2枚・広い専用枠高さ72・上端44
  ok   1vs1の司令盤はターン帯・ミニマップ・HUD下端を拡張位置へ揃える
  ok   2vs2の演習では追加2体も選択でき、キャラ行と設定行がそれぞれ揃う
  ok   2vs2のVSカットインは p1＆p2 vs e1＆e2 の順
  ok   2vs2を選ぶと4体で試合が始まる
  ok   4体の陣営と操作者が正しい(自分だけが操作、残り3体はCPU)
  ok   手番は陣営が交互に回る
  ok   2vs2の開始位置は4体とも足場の上(死線より下に湧かない)
  ok   2vs2でも味方同士は重ならない
  ok   2vs2は自陣営が左半分、敵陣営が右半分に並ぶ
  ok   2vs2の名前カードは4枚
  ok   自陣営2枚は左列、敵陣営2枚は右列に積まれる
  ok   4枚とも上下段のどちらかに置かれ、同じ段に重ならない
  ok   名前カードはHUD背景の下端より内側に収まる
  ok   名前カードはターン帯に重ならない
  ok   名前カードはミニマップに重ならない
  ok   2vs2は司令盤のターン帯とミニマップをカード2段ぶん下げる
  ok   4体それぞれのHPがカードに割り当てられている
  ok   電磁波は味方にも当たる(誤爆の扱いを通常の爆発と統一)
  ok   電磁波が空振りなら着弾時の移動不可カットインを出さない
  ok   電磁波が味方だけに当たった時は成功カットインを出さない
  ok   バインドスピットが敵へ命中した時だけ移動不可カットインを出す
  ok   移動封印中は文字や電気ではなく、足元を前後から囲む鎖と南京錠を割り当てる
  ok   薄く描く条件とダメージ判定の条件が同じ関数を通っている
  ok   撃破済みのキャラにダメージ数字を出さない(爆風)
  ok   撃破済みへの爆風は与ダメ記録にも積まない
  ok   撃破済みのキャラにダメージ数字を出さない(電磁波)
  ok   撃破済みのキャラに移動封印をかけ直さない
  ok   撃破済みのキャラにダメージ数字を出さない(拡散弾)
  ok   生きているキャラには今までどおりダメージ数字が出る
  ok   弾のownerはユニットのidの文字列
  ok   味方のすぐ隣に居る敵は狙わず、離れている敵を狙う
  ok   味方が離れていれば一番近い敵を狙う
  ok   倒れた敵は狙わない
  ok   1vs1の標的選びは従来どおり唯一の敵
  ok   1vs1の開始位置は2vs2導入後も変わらない
  ok   2vs2は5戦とも決着まで進む(倒れたユニットで手番が止まらない)
  ok   中断データは対戦形式と4体ぶんのユニットを持つ
  ok   2vs2の中断データを読み込むと4体へ戻る
  ok   通常の状態同期でVSカットインを出し直さない
  ok   形式を持たない旧データは1vs1として読む
  ok   演習に対戦方式の行が増えている
  ok   対戦方式の行は開始ボタンと重ならない
  ok   演習の各行の当たり判定が重なっていない
  ok   演習画面の右矢印で1vs1→2vs2へ切り替わる
  ok   演習画面の左矢印で2vs2→1vs1へ戻る
  ok   席がe1なら自陣営(e1/e2)が右列、相手陣営(p1/p2)が左列になる
  ok   席がe1でも4枚とも上下2段に収まる
  ok   開始カットインが出ている間は「手番はまだ始まっていない」
  ok   先攻を差し替えても、カットインが明ける前には撃たれない
  ok   カットインが明けてから撃つまでに、盤面を見る時間が1秒以上ある
  ok   差し替えた側の手番でもCPUの行動計画がきちんと作られる
  ok   ホストの通信待ちの間は、まだカットインが出ていない
  ok   カットインがまだ出ていない通信待ちの間も、CPUは撃たない
  ok   手番の知らせは、HPカードと同じ呼び名を見出しにする
  ok   同じキャラが左右に並んでも、味方CPUと敵CPUは見分けられる
  ok   自分・味方・相手を言い分ける
  ok   自陣営と相手陣営で見出しの色が違う
  ok   手番が変わると、その名前と役どころが実際にカットインへ出る
  ok   CPUが狙いを定める時間は1.5秒以上ある
  ok   手番の知らせは、前より長く出て読み切れる
  ok   砲弾もキャラも画像が届かない端末で、4人の名前がカットインにも描かれる
  ok   その状態でもVSの合図は文字で出る
  ok   1vs1では型を出さずHP・必殺技が実際に描かれる
  ok   2vs2では窓が狭いので出さない
  ok   チュートリアルは6項目で、すべて場の用意と完了判定を持つ
  ok   本文は1行ずつ書かれていて、長すぎる行が無い
  ok   教える順は、撃つ→風→動く→跳ぶ→必殺→足場
  ok   チュートリアル中の手番は自分だけ(相手は撃ち返してこない)
  ok   最初は1つ目の項目から始まる
  ok   当てるまでは何分待っても次へ進まない
  ok   相手は一度も撃ってこない(弾が飛んでいない)
  ok   時間切れで終わらない
  ok   当てた瞬間に「できた!」へ変わる
  ok   少し見せてから次の項目へ進む
  ok   次の項目では的のHPが戻っている(倒して途中で終わらせない)
  ok   的が倒れても結果画面へ行かない(勝ち負けを付けない)
  ok   倒れかけた的は1で止まり、撃ち続けられる
  ok   手番を重ねても時間切れで終わらない
  ok   「動く」は動いた時点で完了する
  ok   「跳ぶ」の始めには跳躍が使える(前の項目で使っていても戻す)
  ok   「跳ぶ」は跳躍を使った時点で完了する
  ok   「必殺」の始めには必殺が溜まっている
  ok   必殺を撃ったあとは、演出中に次の項目へ遷移しない
  ok   最後の項目では、的が細い足場の上に立っている(左右は掘り抜かれている)
  ok   どの項目でも、的は必ず地面の上に置かれる(落ちて勝手に進まない)
  ok   チュートリアルの地形は固定されていて、毎回同じ手触りで覚えられる
  ok   チュートリアルの開始カットは TUTORIAL START! と出る
  ok   足場は通常弾1発ぶんのクレーターに収まる大きさ
  ok   足場を1発撃てば、的は場外まで落ちる(4回とも)
  ok   最後の項目を終えると完了になる
  ok   完了するとタイトルへ戻り、通常の対戦モードへ戻る
  ok   完了すると、次からはタイトルで勧めない
  ok   完了しても勝ち負けは付かない
  ok   とばすとタイトルへ戻り、通常の対戦モードに戻る
  ok   一度通すか飛ばすと、タイトルで勧めなくなる
  ok   「チュートリアル」ボタンが他のタイトルボタンと重ならない
  ok   「チュートリアル」ボタンが画面内に収まっている
  ok   タイトルメニューのチュートリアル・演習文字を読みやすい大きさにする
  ok   タイトルの「チュートリアル」「演習」は見出しを上げ、説明との間隔を広げる
  ok   羊皮紙の文字は茶色ではなく深い青緑で読み分けられる
  ok   GARAGEのMUSIC ROOMは既存の緑盾内へ収まる文字サイズを使う
  ok   GARAGEにはショップ・実績・LOADOUT・MUSIC ROOMを表示する
  ok   タイトルが既存4素材とLOADOUT専用メカニカル枠を使う
  ok   BATTLEとGARAGEが既存素材とLOADOUT専用枠を役割別に使う
  ok   GARAGE下段はLOADOUTを中央へ大型化し、MUSIC ROOMの緑盾を右下へ分けて置く
  ok   木枠と中のボタン素材を同じ割合で一回り大きくする
  ok   中断データがあっても黄色い選択囲いを出さない
  ok   RANKINGの吊り看板はBATTLE下段の中央へ収まる
  ok   BATTLEは対戦5項目、GARAGEは管理5項目の順で、更新ボタンは木枠外へ固定する
  ok   木板と両ページのボタンが画面内に収まり、同じページ内で重ならない
  ok   空を毎コマ焼き直していない(30コマ描いても回数が増えない)
  ok   地形を毎コマ束ね直していない(30コマ描いても回数が増えない)
  ok   穴あけのあと、地形を束ね直す合図が立つ
  ok   縁取りなしの穴あけ(拡散弾の道)のあと、地形を束ね直す合図が立つ
  ok   地形の作り直しのあと、地形を束ね直す合図が立つ
  ok   縁取りの描き直しのあと、地形を束ね直す合図が立つ
  ok   橋の描き直しのあと、地形を束ね直す合図が立つ
  ok   闘技場の飾りの描き直しのあと、地形を束ね直す合図が立つ
  ok   穴があいたら、地形を実際に1回だけ束ね直す
  ok   テーマが変われば空を焼き直す
  ok   遠景の種が変われば空を焼き直す
  ok   テーマを変えたら、空を実際に1回だけ焼き直す
  ok   実機(1080x2374, 2.625倍): キャンバスが画面の実画素とぴったり一致する
  ok   実機(1080x2374, 2.625倍): 上限を超えない
  ok   実機(1080x2374, 2.625倍): キャンバスの大きさと拡大率が食い違わない
  ok   横長の端末(412x915, 3倍): 上限で頭打ちになる
  ok   横長の端末(412x915, 3倍): 上限を超えない
  ok   横長の端末(412x915, 3倍): キャンバスの大きさと拡大率が食い違わない
  ok   低い解像度(360x640, 2倍): キャンバスが画面の実画素とぴったり一致する
  ok   低い解像度(360x640, 2倍): 上限を超えない
  ok   低い解像度(360x640, 2倍): キャンバスの大きさと拡大率が食い違わない
  ok   等倍の画面(540x960, 1倍): キャンバスが画面の実画素とぴったり一致する
  ok   等倍の画面(540x960, 1倍): 上限を超えない
  ok   等倍の画面(540x960, 1倍): キャンバスの大きさと拡大率が食い違わない
  ok   高精細な端末では上限で止まる(塗る量が二乗で増えるのを防ぐ)
  ok   描く細かさの上限は2
  ok   タイトルは石壁タップから始点・動画・終点の3素材を順番に使う
  ok   タイトル背景を端末時刻で朝昼夕夜へ切り替えない
  ok   新タイトル演出は起動後の開始操作で一度だけ開始状態になる
  ok   タイトルの動かない絵を焼く仕組みがある
  ok   タイトルは仮想座標の2倍で焼く
  ok   タイトルを毎コマ焼き直していない(30コマ描いても回数が増えない)
  ok   BATTLEとGARAGEは全画面より小さい2枚の木板キャッシュへ分離する
  ok   タイトル木板も30コマで焼き直さず、完成済み画像だけをスライドする
  ok   背景とロゴの準備状態が変わればタイトルを1回だけ焼き直す
  ok   対戦開始時に次の風が1つ用意される
  ok   1vs1は4ターン目まで現在の風を保ち、予報した風を次に使う
  ok   再戦では前の試合の風予報を持ち越さない
  ok   固定風は現在と次が同じ値になる
  ok   無風固定は現在も次も無風になる
  ok   2vs2は全員が2巡する8ターン目に予報した風を使う
  ok   中断再開・観戦用の状態復元でも次の風が一致する
  ok   各背景に一部鋼鉄・全面鋼鉄の公式ステージが追加されている
  ok   鋼鉄ステージの素材情報が開始スナップショットへ保存される
  ok   4体の必殺を同じ一斉砲撃へ積むと、全員同時オーラの予兆から始まる
  ok   同時オーラは4体のキャラ・技名・固有色を欠かさず同じ時間状態で保持する
  ok   同時オーラ終了後にだけ2.37秒のカットインへ進み、まだ発射しない
  ok   複数必殺パネルは全員同時出現ではなく約0.16秒差で1体ずつ飛び込む
  ok   4体同時カットインをCanvasへ描くと「同時必殺」と全員の技名が同じフレームに出る
  ok   同時カットインはカタモン固有の黒鉄・真鍮パネルとして実装し、他作品の画像を持ち込まない
  ok   一斉行動の跳躍と救助弾は通常物理へ同時に投入し、各使用権を1回だけ消費する

476 passed, 0 failed

> stage-studio-mvp@0.1.0 test:result
> node tests/resulttest.js


=== result screen ===
  ok   勝ち試合を作れる
  ok   勝って連勝が立っている
  ok   勝利画面では中断して戻る扱い
  ok   タイトルへ戻っている
  ok   中断セーブが残る
  ok   保存された中断セーブが読める
  ok   連勝が保存されている
  ok   保存されているのは次の試合の頭
  ok   決着済みの状態は保存されない
  ok   10連勝ごとのボス戦フラグが引き継がれる
  ok   再開後も連勝が残る
  ok   再開後は決着していない
  ok   再開後は両者とも生きている
  ok   10連勝の場面を作れる
  ok   10連勝が保存されている
  ok   次はボス戦として保存されている
  ok   ボス戦の闘技場マップで保存されている
  ok   再開すると10連勝のままボス戦が始まる
  ok   負け試合を作れる
  ok   敗北画面は中断しない扱い
  ok   敗北時は連勝が0
  ok   敗北でもタイトルへ戻る
  ok   敗北では中断セーブを作らない
  ok   フリーモードは中断しない扱い
  ok   フリーモードでもタイトルへ戻る
  ok   フリーモードでは中断セーブを作らない
  ok   中断データがある時は、すぐには始めない
  ok   確認待ちの状態になる
  ok   確認中はまだ中断データが残っている
  ok   やめるを選んだら中断データは残る
  ok   やめるを選んだら確認待ちも解ける
  ok   消して出撃を選ぶと古い中断を消し、新しいCPU戦の自動保存だけが残る
  ok   中断データが無ければ確認を挟まない
  ok   その時は確認待ちにならない
  ok   確認ボタンが画面に収まる(y=434)
  ok   確認ボタンが画面に収まる(y=492)
  ok   確認ボタンが画面に収まる(y=550)
  ok   確認ボタンどうしが重ならない
  ok   本文がボタンに隠れない
  ok   本文が見出しより下にある
  ok   見出しがパネルの中にある
  ok   確認ボタンがパネルの中にある(y=434)
  ok   確認ボタンがパネルの中にある(y=492)
  ok   確認ボタンがパネルの中にある(y=550)
  ok   告知は吹き出しが担い、説明文は通常のまま
  ok   吹き出しの文面が中断を知らせている
  ok   小さい吹き出し本体はCPU BATTLEの右側に置く
  ok   右側の吹き出しはCPU BATTLEと同じ高さに並ぶ
  ok   尻尾の先はCPU BATTLEの右端へ届く
  ok   尻尾はCPU BATTLEへ向かって左下へ伸びる
  ok   尻尾の付け根は吹き出しの左下側にある
  ok   吹き出しが画面内に収まる(文字幅120)
  ok   吹き出し本体がCPUの右側からはみ出さない(文字幅120)
  ok   吹き出しがCPUと同じ高さに収まる(文字幅120)
  ok   吹き出しが画面内に収まる(文字幅220)
  ok   吹き出し本体がCPUの右側からはみ出さない(文字幅220)
  ok   吹き出しがCPUと同じ高さに収まる(文字幅220)
  ok   吹き出しが画面内に収まる(文字幅320)
  ok   吹き出し本体がCPUの右側からはみ出さない(文字幅320)
  ok   吹き出しがCPUと同じ高さに収まる(文字幅320)
  ok   吹き出しが画面内に収まる(文字幅460)
  ok   吹き出し本体がCPUの右側からはみ出さない(文字幅460)
  ok   吹き出しがCPUと同じ高さに収まる(文字幅460)
  ok   中断データの有無どちらでもタイトルを描画できる
  ok   壁が出るのは起動時の1回だけ
  ok   砲弾はタップした場所へ飛ぶ
  ok   壁の向こうに本物のタイトルを描いている
  ok   石は隙間なく敷き詰める
  ok   終わり際に破片を必ず消しきる
  ok   title でも画面の揺れが止まる
  ok   select でも画面の揺れが止まる
  ok   ranking でも画面の揺れが止まる
  ok   freeSetup でも画面の揺れが止まる
  ok   近い石と遠い石で崩れ方を分けている
  ok   着弾点より上の石は支えを失って落ちる
  ok   手前へ来るのは爆風に巻かれた石だけ
  ok   砲弾は山なりに飛ぶ
  ok   石の欠けで継ぎ目に穴を開けていない
  ok   壁の絵を破片ごとに切り出して貼っている
  ok   破片の形が不揃いになっている
  ok   着弾のそばだけさらに細かく割る
  ok   着弾点が決まってから破片を組む
  ok   壁の絵は読み込み画面の待ち合わせに入れない
  ok   絵が届くまでは手続き的な壁を出す
  ok   崩れている最中は組み直さない
  ok   崩していない間は1枚で描く
  ok   壁の絵を最初のタップ前から準備する
  ok   砲弾の素材ファイルが実在する
  ok   砲弾の絵をT2で準備し、必要な時だけ読み込む
  ok   砲弾は絵で描く
  ok   砲弾の絵が間に合わない時は手描きの鉄球で出す
  ok   演出中は入力を受け付けない
  ok   壁のグラデーションを毎フレーム作り直さない

93 passed, 0 failed

> stage-studio-mvp@0.1.0 test:loopback
> node tests/loopbacktest.js


=== loopback ===

[遅延なし・ロスなし]
  ok   ホストは p1 の席
  ok   ゲストは e1 の席
  ok   ホスト側の相手は remote
  ok   ゲスト側の相手は remote
  ok   両方が戦闘画面に入る
  ok   地形の破壊履歴が一致して始まる
  ok   キャラが一致して始まる
  ok   風が一致して始まる
  ok   次の風も両方に同じ値が表示されて始まる
  ok   相手待ちから接続まで進む
  ok   両方が撃っている
  ok   試合が決着する
  ok   勝敗が食い違わない
  ok   決着時のHPが一致する
  ok   決着時も現在の風と次の風が一致する
  ok   連勝を積まない
  ok   中断セーブを作らない
  ok   退出が相手に伝わる

[遅延 約500ms]
  ok   ホストは p1 の席
  ok   ゲストは e1 の席
  ok   ホスト側の相手は remote
  ok   ゲスト側の相手は remote
  ok   両方が戦闘画面に入る
  ok   地形の破壊履歴が一致して始まる
  ok   キャラが一致して始まる
  ok   風が一致して始まる
  ok   次の風も両方に同じ値が表示されて始まる
  ok   相手待ちから接続まで進む
  ok   両方が撃っている
  ok   試合が決着する
  ok   勝敗が食い違わない
  ok   決着時のHPが一致する
  ok   決着時も現在の風と次の風が一致する
  ok   連勝を積まない
  ok   中断セーブを作らない
  ok   退出が相手に伝わる

[遅延 約2秒]
  ok   ホストは p1 の席
  ok   ゲストは e1 の席
  ok   ホスト側の相手は remote
  ok   ゲスト側の相手は remote
  ok   両方が戦闘画面に入る
  ok   地形の破壊履歴が一致して始まる
  ok   キャラが一致して始まる
  ok   風が一致して始まる
  ok   次の風も両方に同じ値が表示されて始まる
  ok   相手待ちから接続まで進む
  ok   両方が撃っている
  ok   試合が決着する
  ok   勝敗が食い違わない
  ok   決着時のHPが一致する
  ok   決着時も現在の風と次の風が一致する
  ok   連勝を積まない
  ok   中断セーブを作らない
  ok   退出が相手に伝わる

[遅延500ms + 7通に1通ロス]
  ok   ホストは p1 の席
  ok   ゲストは e1 の席
  ok   ホスト側の相手は remote
  ok   ゲスト側の相手は remote
  ok   両方が戦闘画面に入る
  ok   地形の破壊履歴が一致して始まる
  ok   キャラが一致して始まる
  ok   風が一致して始まる
  ok   次の風も両方に同じ値が表示されて始まる
  ok   相手待ちから接続まで進む
  ok   両方が撃っている
  ok   試合が決着する
  ok   勝敗が食い違わない
  ok   決着時のHPが一致する
  ok   決着時も現在の風と次の風が一致する
  ok   連勝を積まない
  ok   中断セーブを作らない
  ok   退出が相手に伝わる
  ok   パケットを実際に落としている

[遅延500ms + 必殺あり]
  ok   ホストは p1 の席
  ok   ゲストは e1 の席
  ok   ホスト側の相手は remote
  ok   ゲスト側の相手は remote
  ok   両方が戦闘画面に入る
  ok   地形の破壊履歴が一致して始まる
  ok   キャラが一致して始まる
  ok   風が一致して始まる
  ok   次の風も両方に同じ値が表示されて始まる
  ok   相手待ちから接続まで進む
  ok   両方が撃っている
  ok   試合が決着する
  ok   勝敗が食い違わない
  ok   決着時のHPが一致する
  ok   決着時も現在の風と次の風が一致する
  ok   連勝を積まない
  ok   中断セーブを作らない
  ok   退出が相手に伝わる
  ok   必殺を実際に撃っている

[必殺の保留中にリモート状態が届く]
  ok   プローブ用の接続ができる
  ok   必殺を構えて撃てている
  ok   必殺が保留(pendingShot)になる
  ok   保留中に届いた状態はキューに積まれる
  ok   保留中は状態を適用しない(二重発射しない)
  ok   保留が明けたあとにキューが流れる
  ok   保留していた弾はきちんと解決する

[プロトコル不一致]
  ok   プローブ用の接続ができる
  ok   未知のバージョンを検出する
  ok   未知のバージョンのメッセージは適用しない
  ok   タップでタイトルへ抜けられる

中継したメッセージ数: 78 / 89 / 128 / 89 / 89
103 passed, 0 failed

> stage-studio-mvp@0.1.0 test:stage3
> node tests/stage3test.js

=== stage3 ===
  ok   battle HUD crops transparent asset margins and uses measured content anchors
  ok   battle HUD name and HP text use the middle baseline at the measured window center
  ok   round wind console uses three compact lines with strength inside its outlined arrow and NEXT direction only
  ok   round wind console gives the current strength a high-contrast inner plate and the NEXT direction its own readable badge
  ok   round wind console keeps its title and NEXT badge inside the dark center while enlarging the strength arrow
  ok   round wind console uses a calm-only status, filled direction arrows, and compact inner labels
  ok   round wind console separates arrow contrast, widens the strength plate, and lifts readable labels
  ok   round wind console reserves distinct header, arrow, and forecast lanes without an ambiguous calm dash
  ok   round wind console follows the reference hierarchy with a dominant arrow and a divider above NEXT
  ok   round wind console renders NEXT and its forecast as one centered text line
  ok   battle HUD HP gauges are centered vertically on their measured rail anchors
  ok   1vs1と2vs2の風情報は同じ丸形フレーム内へ統一して表示する
  ok   2vs2も1vs1と同じ丸形コンソールへ現在・方向・予報を集約する
  ok   丸形コンソールは現在風・強さ入り矢印・NEXT方向の3行で表示する
  ok   battle HUD reserves the centered round wind console and keeps the stage title layer clear
  ok   loopback protocol remains v2
  ok   Firebase lobby protocol is v3 with two player and two spectator seats
  ok   Firebase round IDs are fresh 48-hex values
  ok   Firebase v3 rejects missing or malformed seat and roundId
  ok   Firebase v3 accepts lobby control packets only with a valid seat/from/roundId envelope
  ok   host lobby settings are normalized to the supported terrain/wind/turn values
  ok   room code normalizes separators / ambiguous chars
  ok   room code accepts exactly 8 allowed chars
  ok   room code rejects ambiguous/short code
  ok   generated code has allowed alphabet
  ok   client Firebase push IDs are valid and strictly ordered within one millisecond
  ok   Firebase compare JSON is key-order independent
  ok   Firebase JWT iat offset keeps +/-5 minute client clocks within the rules timestamp window
  ok   Firebase rejects invalid token/iat time data without falling back to client time
  ok   SSE initial snapshot is expanded
  ok   SSE push event is parsed
  ok   SSE nested server-timestamp update is not treated as a packet
  ok   SSE push keys are deduplicated for the whole room lifetime
  ok   commit is SHA-256 hex
  ok   fair first player is deterministic
  ok   Firebase v3 turn state sends craters but omits the immutable terrain base after start
  ok   Firebase state accepts a complete safe snapshot
  ok   Firebase rejects a missing or out-of-range next-wind forecast before applying it
  ok   Firebase start accepts tieredBasin empty terrain columns
  ok   Firebase normalizes RTDB-omitted empty arrays only
  ok   Firebase normalizes dense RTDB numeric-key snapshot arrays
  ok   Firebase normalizes RTDB null craters to an empty array
  ok   Snapshot without a bridge key reproduces the RTDB-omitted-null shape
  ok   the RTDB key reordering is actually reproduced by this test
  ok   a bridge that only differs by RTDB key order is treated as identical
  ok   a bridge whose values really differ is still reported
  ok   Firebase normalizes an RTDB-omitted bridge key back to null
  ok   A normalized missing bridge now matches a local null-bridge baseline
  ok   An un-normalized missing bridge previously mismatched (regression guard)
  ok   conditional PUT duplicate check accepts RTDB empty-array storage form
  ok   Firebase state accepts a normal crater just beyond the stage edge
  ok   Firebase rejects sparse or extra-key RTDB arrays
  ok   Firebase state rejects missing snapshot safely
  ok   Firebase state rejects malformed terrain before applySnapshot
  ok   Firebase diagnostic identifies the rejected field safely
  ok   A large HP-only divergence no longer disconnects the match (action-side authority)
  ok   Mismatch reason is empty for HP-only divergence, even when large
  ok   a peer cannot replace the current wind that was already forecast
  ok   the acting side may publish the newly rolled future wind at a turn boundary
  ok   Phase 2 accepts a receiver just above 50% when the authority is already at or below 50%
  ok   Phase 2 consumes the forecast exactly at the ten-turn wind boundary
  ok   A fuel-only divergence no longer disconnects the match (movement is not replicated)
  ok   A large position divergence is still reported by name
  ok   Terrain divergence is reported by name, not folded into hp/x/y
  ok   Firebase accepts old RTDB history with a finite server timestamp
  ok   Firebase heartbeat is a valid control packet without actionId
  ok   peer commit accepts a re-pick before reveal and rejects one after
  ok   peer reveal rejects duplicates
  ok   unsolicited Firebase state/result are rejected before a remote fire
  ok   Firebase state is bound to the preceding remote fire sender and actionId
  ok   Firebase buffers matching state before fire until that action arrives
  ok   Firebase ignores a duplicate result with the same actionId
  ok   early terminal timeout pauses while hidden and expires after 15s visible
  ok   Firebase peer liveness pauses hidden, valid peer traffic resets it, then expires visibly
  ok   lobby heartbeat clock does not advance while hidden
  ok   lobby heartbeat pings after 15s of visible time
  ok   a seat heard from recently is not stale
  ok   a seat silent for 45s of visible time is stale
  ok   a seat with no recorded sighting is never stale
  ok   lobby heartbeat never reports a timeout (display only)
  ok   a disconnect after the match started does not say it failed to start
  ok   a failure before the match started still says it could not start
  ok   the room lease is renewed far more often than it expires
  ok   the room lease stays short enough to free an abandoned room
  ok   the room lease still fits the ceiling the rules enforce
  ok   damage never jumps by a cliff between neighbouring distances
  ok   a shot at your own feet does not swing wildly
  ok   a direct hit is still the maximum
  ok   damage still falls off with distance
  ok   damage is zero outside the blast radius
  ok   the popup shows the authoritative damage, not the local guess
  ok   the popup is not emitted twice for one action
  ok   no popup when the authoritative value took nothing off
  ok   you can leave while the character check is still verifying
  ok   you can leave once something has gone wrong
  ok   you can still leave from the lobby and the result screen
  ok   leaving mid-match is left to the menu
  ok   Firebase send queue preserves fire then state order
  ok   Firebase send queue poisons after an unrecoverable write failure
  ok   Firebase fire rejects NaN, missing fields, and invalid actionId
  ok   BUILD_ID matches the service worker cache version
  ok   battle HUD uses the expanded readable layout
  ok   battle HUD keeps team accents and removes the obsolete bridge label
  ok   battle HUD uses the supplied player frames and unified round wind asset
  ok   battle HUD text and gauges use wide HP-first windows
  ok   battle HUD keeps 2vs2 cards reusable and hides minimap in normal 1vs1
  ok   battle HUD preserves asset proportions and leaves the wind forecast visible
  ok   battle HUD turn ribbon has separate left, center, and right data zones
  ok   battle-start logo is preloaded, cached, and drawn from the Drive PNG
  ok   battle-start logo video is preloaded, cached, and drawn above the old logo position
  ok   battle-start video uses compositing instead of per-pixel background removal
  ok   battle-start video is 1.95x and stops after one playback
  ok   battle-start video playback rate is 1.3x without changing the render path
  ok   battle-start video reapplies 1.3x at playback start
  ok   battle-start video scale is increased by another 1.3x
  ok   VS plate drawing clips the asset to its rounded shell shape
  ok   VS plate flash does not paint a transient rectangular color block
  ok   online entry and every lobby screen use the approved Lobby Remix asset
  ok   the pinned Pixabay normal impact sound is present
  ok   the normal impact sound is cached for offline play under the build cache
  ok   the requested explosion sample stays subdued, with the title wall hit quieter than battle impacts
  ok   the Pixabay source, creator, license and check date stay recorded with the asset
  ok   the supplied special cut-in sound is pinned and cached
  ok   the Cool Kai special voice is pinned, preloaded and cached
  ok   bonus BGM files and their build-cached URLs stay in sync
  ok   every bonus BGM URL is registered once by the sound-test source list
  ok   character assets use display-name based master/runtime directories
  ok   character images stay in sync with the build cache
  ok   the art loader asks for webp first, defaults to png fallback, and supports runtime-only art
  ok   character images rely on the build cache instead of per-asset query versions
  ok   the png fallbacks still exist on disk
  ok   the Barucopter uses its dedicated WebP helicopter art instead of the Barugerukan body art
  ok   the preload hints contain only the T0 title gate assets
  ok   the lobby emblem falls back through <picture>
  ok   the images the loading screen waits for stay under 2MB
  ok   Firebase accepts a normal fire packet
  ok   Firebase v3 fire keeps the v2 payload checks behind the required round envelope
  ok   Firebase v3 state/result require the action unit to match the sender seat
  ok   Firebase v3 accepts presence from every non-host seat and rejects host presence
  ok   Firebase fire diagnostic reports no reason for a normal packet
  ok   Firebase fire accepts the documented coordinate bounds
  ok   Firebase fire rejects coordinates past the bounds
  ok   the title button exits both loopback and a stuck Firebase match
  ok   title offers an in-game force-update action that refreshes the worker and clears old app caches
  ok   title shows an available update prominently and does not reload when already current
  ok   a newly activated worker refreshes a stale page only after it is safely back on the title
  ok   leaving an online lobby routes back to the title BGM through the syncBgm director
  ok   leaving a Firebase lobby runs the local transition before firing the (fire-and-forget) delete
  ok   the native confirm() dialog is replaced by an in-screen two-choice confirm with an auto-revert timer
  ok   BGM play/stop calls stay centralized in syncBgm (definition + internal use only, no stray direct calls)
  ok   desiredBgm evaluates the room screen before the battle phase, and skips room BGM during autoStartNextRound
  ok   the co-op lobby keeps the ONLINE room BGM instead of returning to the title song
  ok   Firebase ignores stale-round lobby packets but applies the current round
  ok   spectator input remains locked even while the current round is playing
  ok   lobby allocation blind-claims the requested seats without a pre-member room read
  ok   Firebase slot claims use an atomic null_etag conditional PUT and release only a failed claimant seat
  ok   seat check no longer ends in a ping-only catch-all
  ok   seat check lets any seat send the side-effect-free ping and bye
  ok   every Firebase message type is decided explicitly by the seat check
  ok   peer liveness is refreshed only by player-seat traffic, for whichever seats are players
  ok   stale-round packets are dropped before the seat check
  ok   seat rejections name the packet type and seat
  ok   log copy falls back when navigator.clipboard is unavailable
  ok   a result with no preceding shot still gets an action id instead of killing the sender
  ok   a peer conceding its own defeat is accepted even when the local sim disagrees
  ok   a peer cannot claim its own victory through the concession path
  ok   all three gates for a conceding result consult the same helper
  ok   the flow gate lets a conceding result through without a matching fire
  ok   the flow gate still demands an action match for a non-conceding terminal
  ok   a conceding result bypasses the pending-terminal buffer that waits for a fire
  ok   rejection is idempotent so the log keeps the first cause
  ok   an ended connection is not re-evaluated every frame
  ok   the room status line turns red while a protocol error is active, without adding a new call site
  ok   a conceded result copies the declared HP so the loser is shown as defeated
  ok   Firebase accepts a well-formed move packet
  ok   Firebase rejects a move packet with a bad payload
  ok   move is bound to the sender seat like the other board-changing packets
  ok   move is applied immediately instead of waiting behind cut-ins
  ok   move sync sends no faster than four times a second and skips short walk deltas
  ok   the mover flushes its last position before firing
  ok   a remote unit walks to the received position instead of teleporting
  ok   turn start clears stale walk targets and send state
  ok   slot claim falls back to a plain PUT when the conditional PUT is denied
  ok   only the other player seats can supply commit/reveal data
  ok   host start waits for every seated player, then enters the reveal gate
  ok   the settings sender uses the same gate as the enabled state
  ok   a fixed wind is resolved in one place for both free mode and the online lobby
  ok   the next-wind consumer no longer branches on free mode alone
  ok   the results lobby waits for the match-end presentation to finish
  ok   victory and defeat sounds wait for the result screen instead of the finishing-move banner
  ok   nothing opens the results lobby immediately on the decisive packet
  ok   the results lobby states the outcome and the finishing move
  ok   the host can still change settings after the guest has readied
  ok   ready is a toggle that can be taken back while in the lobby
  ok   taking back ready clears the commit so a new character can be picked
  ok   an un-ready packet is understood, and the old payload-less form still means ready
  ok   quick play matchmaking replaced the single shared room, and passcodes stay behind an explicit option
  ok   online entry offers explicit create and browse paths, and public rows show enough match information to choose
  ok   the room code is shown once, with a small copy icon beside it
  ok   the copy button no longer occupies a full row in the button grid
  ok   copy visibility is left to CSS instead of inline styles that would fight it
  ok   the ranking name is broadcast with presence and lobbyState
  ok   received names are remembered per seat and shown in the roster
  ok   the seat board is assembled with createElement/textContent only, never innerHTML
  ok   the seat board renders four seat rows by clearing and re-appending, not string concatenation
  ok   each seat row marks occupied/empty with a filled/hollow dot and colors it by seat kind (brass for players, gray for spectators)
  ok   the local player's own row gets a badge and a highlighted background
  ok   ready state is shown only for occupied player seats during the lobby phase
  ok   peer liveness only advances during battle, so the lobby has no periodic heartbeat to base a stale badge on
  ok   a name is accepted when present and rejected when over the limit
  ok   the character picker is hidden until you are actually in a room
  ok   the room character picker shows the whole monster without cropping it
  ok   changing the room character updates its image, name and all eighteen choices
  ok   both rematch votes reset a new round with automatic readiness
  ok   either player can return to the lobby and clear readiness for a fresh choice
  ok   the host waits until the old-round handoff is stored before switching rounds
  ok   the firework uses deterministic proximity physics and sends no mid-flight detonation packet
  ok   an incoming boom from an older client is accepted and ignored
  ok   a rematch start bypasses stale physics and waits only for reveal verification
  ok   the host sends the start packet without persisting a spectator snapshot
  ok   a rematch clears the guest start-verification latch before accepting the next start
  ok   entering an online room keeps an existing CPU suspended match
  ok   online snapshots keep each camera local and focus the acting unit
  ok   the battle view-distance slider changes only the local camera and never sends a network message
  ok   camera readouts distinguish view distance from the visible field width
  ok   the battle view distance is remembered instead of resetting on a new turn or rematch
  ok   snapshot apply, rematch, and result exit share one complete transient battle-state reset
  ok   players choose on the result screen, not in a popup that hides the outcome
  ok   the results popup is skipped for players and kept for spectators
  ok   the result buttons are drawn and hit-tested through the same predicate
  ok   a player who already voted cannot vote again and is told to wait
  ok   the result buttons trigger the rematch and return-to-lobby requests
  ok   the lobby still offers the same two choices for spectators
  ok   database.rules.json uses the v3 room shape (rounds/slots)
  ok   rules default deny at the root and constrain the room code
  ok   rules accept only protocol 3 rooms
  ok   rules require the four named slots and reject unknown room children
  ok   rules let a room be created only by its own host with p1 pre-claimed and no other seat
  ok   rules restrict reads to seated members inside the expiry window
  ok   rules allow claiming only a vacant e1/s1/s2 seat while the room is in lobby
  ok   rules forbid taking a second seat
  ok   slot nodes are readable so a not-yet-seated guest can run the conditional PUT
  ok   rules pin a claimed seat to the caller and allow releasing only your own
  ok   rules let only p1 change settings, and only while in lobby
  ok   rules bound the settings payload to supported values
  ok   Gear OFF keeps Firebase protocol v3 and the six legacy settings fields required
  ok   private trusted Gear capability has the exact v1 shape and shared constant values
  ok   room visibility is an immutable optional public/private authority for new rooms
  ok   room creation and later settings writes bind Gear capability to immutable private visibility
  ok   open listings bind to explicit public visibility with only Gearless legacy fallback
  ok   settings and lobbyState packets preserve the exact legacy settings schema plus optional Gear capability
  ok   Gear OFF legacy v3 reveal and start packets remain valid by shape and forbid Gear fields
  ok   Gear ON requires versioned commitment JSON on reveal and versioned manifest JSON on host start
  ok   Gear wire version is exact v1, reveal/start-only, and private-capability-only
  ok   Gear wire JSON fields are exact type-specific strings whose bounds mirror the pure codec
  ok   commit remains the existing opaque SHA-256 hash-only packet and no Gear message type was added
  ok   Gear fields fail closed on every non-reveal/start packet while message logs remain append-only and strict
  ok   rules let only p1 change round status or open the next round
  ok   rules constrain the round id and status enum
  ok   rules allow the shinigami character reveal
  ok   the host can announce the next round into the round it is leaving
  ok   every other packet is still confined to the current round
  ok   the turn does not advance while waiting for the peer to declare the result
  ok   the remote action is still marked resolved while waiting, so the result correlates
  ok   rules keep the per-round message log append-only
  ok   rules bind every packet to its sender, its claimed seat and the current round
  ok   rules stop a packet being written into another round
  ok   rules require v3 plus the seat/roundId envelope on every packet
  ok   rules let all four seats speak, and only the seat holder can speak as that seat
  ok   rules reserve host-only packets for p1
  ok   rules retain actionId and payload limits for fire/state/result
  ok   rules bind each seat to exactly one unit, so nobody can move someone else
  ok   the host may act for a seat nobody is sitting in, so CPU teammates can play
  ok   the host still cannot act for a seat somebody is sitting in
  ok   the round roster can name all four seats
  ok   rules bound the client timestamp on every packet
  ok   rules permit heartbeat and presence without actionId
  ok   rules do not retain a persisted snapshot for mid-match spectators
  ok   rules let the host, or anyone after expiry, delete the room — never a stranger while it lives
  ok   every client message type is whitelisted by the deployed rules
  ok   deployed rules protocol matches the client FIREBASE_PROTO_VERSION
  ok   refresh failure keeps the existing anonymous identity
  ok   host cleanup waits after bye and pagehide leaves TTL cleanup
  ok   the log records what we send, not only what we receive
  ok   a result that is never sent leaves its reason in the log
  ok   declining to declare the match end is recorded too
  ok   Online event log is capped at the documented ring-buffer size
  ok   Ring buffer drops the oldest entries, not the newest
  ok   Persisted log round-trips room/role and the capped entries
  ok   rules declare seenAt so the heartbeat is not rejected by the unknown-child guard
  ok   rules let the seat holder refresh only seenAt, keeping uid and claimedAt pinned
  ok   rules let p1 release a seat only when its heartbeat has gone stale
  ok   rules let the host release a stale seat during a match too, so a CPU can take it over
  ok   the widened release is still host-only and still needs a 90-second-old heartbeat
  ok   a seat can still never be released while characters are being revealed
  ok   rules still let a seat holder release their own seat, and nobody else do it blindly
  ok   the release window in the rules is far wider than the heartbeat interval
  ok   the no-response warning fires before the server allows a release
  ok   the release button waits for a fresh server-side seenAt check
  ok   the seat claim carries a heartbeat from the very first write
  ok   the heartbeat writes a server timestamp, not a client clock
  ok   heartbeat retries only the slots roster, stops after three failures, and Firebase requests time out
  ok   an old lobby roster cannot evict a newly seated guest without checking Firebase slots
  ok   simultaneous stale lobby rosters share one Firebase seat-loss check
  ok   the client uses the same strict 90-second seenAt boundary as the rules
  ok   the host can release a seat that stopped responding
  ok   the host cannot release a seat that is still responding
  ok   the host cannot release an empty seat
  ok   nobody can release the host seat itself
  ok   a no-response warning alone never exposes a button before the server check
  ok   a guest is never offered the release button
  ok   no seat can be released while a match is running
  ok   no seat can be released on the results screen either
  ok   a seat just short of the no-response threshold is left alone
  ok   holding your own seat is not treated as being evicted
  ok   a removed seat is detected as an eviction
  ok   a seat re-taken by someone else is detected as an eviction
  ok   the evicted player is sent back to the title with the reason kept on screen
  ok   the evicted player does not try to delete a seat that is no longer theirs
  ok   the host does not heartbeat: the rules never let p1 write to its own slot, and a dead host is collected by the room TTL
  ok   spectator seats heartbeat too, so a ghost spectator can also be cleared
  ok   the no-response seat shows a release button to the host
  ok   exactly one release button is drawn: only the seat that stopped responding
  ok   the host sees a checking label instead of a button while seenAt is still fresh
  ok   a guest sees the no-response mark but never a release button
  ok   the eviction reason survives the trip back to the title
  ok   the title notice does not sit on top of the suspended-save bubble
  ok   the title notice stays clear of the battle-mode label below it
  ok   the title still draws with the notice on screen
  ok   leaving online clears the heartbeat timer
  ok   rules add a readable index of waiting rooms without opening the rooms themselves
  ok   only the player actually sitting in p1 of that room can list it
  ok   a listing can be withdrawn by its host, or by anyone once it has expired
  ok   the index entry is shape-checked and cannot be parked far in the future
  ok   the index only accepts the two match formats
  ok   the room code shape is enforced on the index too
  ok   listing a room requires that room to still be alive
  ok   the rooms rules are untouched by the matchmaking change
  ok   a waiting room of the right format is a candidate
  ok   public room rows retain the host name, room name, and player count needed to choose a match
  ok   an expired listing is never offered
  ok   a different match format is not offered
  ok   you are never sent into the room you are hosting yourself
  ok   a malformed room code or entry is ignored rather than throwing
  ok   the longest-waiting room is offered first
  ok   the number of rooms tried in one press is capped
  ok   an unknown format falls back to 1v1 rather than matching nothing
  ok   the listing expiry matches the room lease, so a waiting room is not dropped early
  ok   an empty room keeps waiting and stays listed
  ok   the room stops waiting and is withdrawn once someone sits down
  ok   a spectator does not hide an otherwise joinable 1vs1 room
  ok   a room that already left the lobby is not advertised as waiting
  ok   a guest never touches the listing
  ok   the passcode stays visible while waiting, so a friend can be invited straight in
  ok   the room has no second way to start; the host just presses start and empty seats become CPUs
  ok   the listing is withdrawn from the single place every exit path goes through
  ok   a room still waiting is re-listed alongside the room lease, so it does not expire out of the index
  ok   failing to publish still leaves a usable room rather than aborting the match
  ok   the host learns someone arrived through the existing presence path
  ok   seats map to fixed units, so a seat can never move someone else’s monster
  ok   the two spectator seats belong to opposite teams, so 2vs2 is 2 against 2
  ok   the client mapping matches the mapping the rules enforce
  ok   a 1vs1 lobby still has exactly two player seats
  ok   the 1vs1 seat labels are unchanged
  ok   a 2vs2 lobby turns every seat into a player seat
  ok   the 2vs2 seat labels are relative to the local player
  ok   sitting in s1 of a 1vs1 room is still spectating
  ok   the same seat becomes a player once the host says the room is 2vs2
  ok   and that player is put in charge of p2, not of the seat name
  ok   switching a room to 2vs2 re-seats a guest whose role did not change
  ok   the lobby settings carry the match format, defaulting to 1vs1 for older peers
  ok   rules accept format and stage size in settings and nothing else new
  ok   only the host can still change the settings, format included
  ok   2vs2 p1 sees self, ally, enemy 1, enemy 2 in that order
  ok   2vs2 s1 sees self, ally, enemy 1, enemy 2 in that order
  ok   2vs2 e1 sees self, ally, enemy 1, enemy 2 in that order
  ok   2vs2 s2 sees self, ally, enemy 1, enemy 2 in that order
  ok   every occupied name and empty-seat label starts at the same horizontal position
  ok   a 2vs2 room is not startable while one of the four is still choosing
  ok   a full 2vs2 room starts once all four are ready
  ok   an empty seat never blocks the start; it is filled by a CPU
  ok   1vs1 still waits for the one opponent
  ok   1vs1 starts when both are ready
  ok   a spectator in a 1vs1 room is not counted as a player who must ready up
  ok   the empty seats are labelled as CPU in the lobby, not left looking vacant
  ok   the start button follows the same all-ready rule the host code uses
  ok   a rematch clears every seat’s ready state, not just the two 1vs1 ones
  ok   the host announces the roster for whichever seats are actually taken
  ok   a four-unit snapshot is accepted when it names the 2vs2 format
  ok   the same four units are rejected while the snapshot still calls itself 1vs1
  ok   an unknown match format is rejected instead of being guessed at
  ok   2vs2 fixes the turn order to p1 e1 p2 e2, so seats cannot be shuffled
  ok   all four units are compared, not just the first two
  ok   fire, move and boom accept the two 2vs2 units and still reject unknown ids
  ok   a result carries all four units in 2vs2 and keeps the fixed order
  ok   s1 may only ever act as p2, in both the payload check and the seat gate
  ok   the host may act for the empty seats and for nobody else’s
  ok   once someone sits down, the host loses the right to move that unit
  ok   a 1vs1 host never gains the empty-seat exception
  ok   the host takes charge of the empty seats as CPUs, and of nobody else’s
  ok   a guest sits in its own unit and waits for every other one, CPU seats included
  ok   only the device that drives a unit announces its moves and shots
  ok   a full room leaves the host in charge of one unit only
  ok   an empty seat is called a CPU on every device, not just on the host
  ok   your team-mate is called a team-mate, not an opponent
  ok   1vs1 seating is unchanged: one local unit and one remote unit
  FAIL the human shot and the CPU shot are announced through the same one place
  ok   the turn-end authority and the result declaration follow the same rule
  ok   a CPU turn no longer flushes the local unit’s position as if it had moved
  ok   the host watches every seated player except itself, and never an empty seat
  ok   a guest watches the other guests but not its own seat
  ok   the host seat itself is never a takeover candidate, because it has no seenAt to verify
  ok   1vs1 never hands a seat to a CPU: losing the only opponent ends the match as before
  ok   the lobby keeps its own manual release and never uses the match takeover
  ok   a seat one millisecond short of the silence threshold is not suspected yet
  ok   one suspected seat is enough to say a takeover is being worked out
  ok   a single packet from the seat cancels the suspicion immediately
  ok   the silence threshold is well inside the server window, so a takeover is always verified first
  ok   with nobody suspected, a silent room still ends the match exactly as before
  ok   while a seat is being handed to a CPU, the other three players are not cut off with it
  ok   the action-notice timeout also waits for a takeover instead of ending the match
  ok   a seat that has only just gone quiet does not excuse a missing action notice
  ok   once the seat is gone the host drives that character as a CPU, like any empty seat
  ok   the rules already let the host act for a freed seat: no rule change is needed for this part
  ok   the other devices call the taken-over character a CPU and keep waiting for the host
  ok   taking over mid-turn re-plans the CPU turn, so the match does not stall there
  ok   the dropped player’s unfinished action is dropped, or the next shot is refused as out of order
  ok   everyone is told what happened instead of the turn silently changing hands
  ok   a seat that keeps refusing to be freed is given up on, not waited for forever
  ok   after giving up, the match ends the old way instead of hanging
  ok   a seat that starts answering again is no longer written off for the rest of the match
  ok   the takeover reuses the same 90-second seenAt check as the lobby release
  ok   the takeover only ever runs on the host
  ok   a room that cannot be read leaves everyone seated: no takeover on stale information
  ok   a refused delete means the player is alive, so the silence count starts over
  ok   the new roster is handed to everyone before the CPU picks up the seat
  ok   a rematch starts from silence zero, so the last match cannot trigger a takeover
  ok   time spent with the tab hidden is not counted as silence
  ok   the players can see that a disconnect is being checked instead of a frozen screen
  ok   the primary, secondary and quiet buttons are each written so they win over the shared rule
  ok   the three ranks really differ in height, not only in colour
  ok   only the main action is filled in; the rest stay outlines
  ok   the quiet button is also narrower, so it never lines up with the main one
  ok   a button that cannot be pressed no longer looks the same as one that can
  ok   the ready toggle shows its state in the styling, not only in the label
  ok   ready comes before start so the primary launch action stays at the bottom
  ok   the room code says what it is
  ok   the BATTLE title page keeps CPU and ONLINE as separate parchment controls
  ok   all three other players are remembered separately, not overwritten by the last one
  ok   a 2vs2 room is ready to start only once every seated player has revealed
  ok   one silent player still holds the room, even though the other two are done
  ok   empty seats never have to commit, so two people can start a 2vs2 against CPUs
  ok   the host may pick the CPU monsters, but never someone else’s
  ok   a rematch needs every seated player, and does not wait for the CPU seats
  ok   the host stays locked until every seated player has the start data
  ok   a host with nobody else seated unlocks itself, instead of waiting for an ack that never comes
  ok   the match-format dropdown actually sends the change, like the other settings
  ok   a lone host still starts the match, without waiting for a reveal that never arrives
  ok   an expired key is renewed and the write is sent once more, instead of failing for good
  ok   a rules rejection is not mistaken for an expired key, so it never loops on the token endpoint
  ok   a lone host’s rematch starts on its own, without an incoming packet to trigger it
  ok   a room where every opponent is a CPU is never cut off for silence
  ok   a real opponent going silent still cuts the match off
  ok   the CPU badge appears only where a CPU really takes over
  ok   the device-local rival record feature exists
  ok   rivalId is a purpose-separated SHA-256 value, never the raw device ID
  ok   only presence and lobbyState accept a well-formed rivalId
  ok   a win is recorded once and an identical result resend is ignored
  ok   a rematch with a new round ID is counted, including a timeout loss
  ok   a draw against another opponent is kept separately
  ok   lifetime, character and opponent totals all use the local player perspective
  ok   the same browser profile keeps its records after a reload
  ok   host and guest read the same team result from opposite perspectives
  ok   an all-CPU opponent team creates no pretend human record
  ok   the room shows lifetime, selected-monster and opponent records without sending their values
  ok   the result screen has both the lifetime and current-opponent records
  ok   a corrupted local record recovers to an empty safe shape
  ok   an identity packet arriving after the result still records that round once
  ok   Firebase Rules accept only a 64-character lowercase rivalId on identity packets
  ok   record values never appear in any Firebase packet path
  ok   the Canvas result banner actually draws the record rows
  ok   the Firebase host starts the VS cut-in only after the lobby closes
  ok   a Firebase guest shows the VS cut-in after accepting the verified start snapshot
  ok   the loopback guest also shows the VS cut-in after applying the start snapshot
  ok   a spectator sees the same VS cut-in when the match starts
  ok   the device back trap stays armed outside battle too
  ok   the unused canvas yes/no confirmation path is fully removed while device back confirmation remains
  ok   non-battle screens and an open online room use the global exit confirmation
  ok   the global exit confirmation is above every game overlay and has two explicit choices
  ok   CloseWatcher cancels the close request before showing the in-game confirmation
  ok   explicit exit counts legacy same-app entries and requests only one history traversal
  ok   standalone launch attempts window close instead of relying on a missing back entry
  ok   fallback reload reuses an existing Katamon guard instead of stacking another one
  ok   DEAD LINE uses layered strokes instead of an expensive shadow blur across the screen
  ok   pointer coordinates reuse bounds refreshed by resize instead of measuring layout for every move
  ok   the static control panel is built once offscreen and battle frames only blit it
  ok   static parallax hills are built once offscreen while clouds stay live
  ok   terrain rim redraws are queued across physics substeps and flushed once per frame
  ok   quiet battle waiting draws at 30fps but active battle remains at full rate
  ok   terrain-only offscreen canvases stop at the terrain bottom instead of reserving the control-panel area
  ok   turn-boundary state omits immutable terrain while match start keeps the complete base terrain
  ok   30fps idle battle frames preserve a full 1/30-second fixed-step budget
  ok   the enlarged co-op fortress keeps physics fixed while exhaust and hydraulics animate
  ok   a co-op jump that hits the fortress lands outside its body on solid ground
  ok   a low co-op jump that hits the steel floor under the fortress also lands outside it
  ok   the real terrain-impact teleport path cannot place a co-op unit inside the fortress
  ok   an exposed CORE is reachable by a correctly aimed normal non-piercing projectile
  ok   a rescue shell passes invalid bodies and only resolves on a downed ally
  ok   a real rescue projectile crosses living allies and the fortress before reviving the downed ally behind them
  ok   the battle wind console puts its 0-to-10 number directly inside the current-wind arrow

509/510 passed
